Archive member included to satisfy reference by file (symbol)

/opt/st/stm32cubeide_1.12.1/plugins/com.st.stm32cube.ide.mcu.externaltools.gnu-tools-for-stm32.10.3-2021.10.linux64_1.0.200.202301161003/tools/bin/../lib/gcc/arm-none-eabi/10.3.1/../../../../arm-none-eabi/lib/thumb/v7e-m+fp/hard/libstdc++_nano.a(del_ops.o)
                              ./App/Controller/Controller.o (operator delete(void*, unsigned int))
/opt/st/stm32cubeide_1.12.1/plugins/com.st.stm32cube.ide.mcu.externaltools.gnu-tools-for-stm32.10.3-2021.10.linux64_1.0.200.202301161003/tools/bin/../lib/gcc/arm-none-eabi/10.3.1/../../../../arm-none-eabi/lib/thumb/v7e-m+fp/hard/libstdc++_nano.a(new_op.o)
                              ./App/Controller/Controller.o (operator new(unsigned int))
/opt/st/stm32cubeide_1.12.1/plugins/com.st.stm32cube.ide.mcu.externaltools.gnu-tools-for-stm32.10.3-2021.10.linux64_1.0.200.202301161003/tools/bin/../lib/gcc/arm-none-eabi/10.3.1/../../../../arm-none-eabi/lib/thumb/v7e-m+fp/hard/libstdc++_nano.a(functexcept.o)
                              ./App/Controller/Controller.o (std::__throw_bad_alloc())
/opt/st/stm32cubeide_1.12.1/plugins/com.st.stm32cube.ide.mcu.externaltools.gnu-tools-for-stm32.10.3-2021.10.linux64_1.0.200.202301161003/tools/bin/../lib/gcc/arm-none-eabi/10.3.1/../../../../arm-none-eabi/lib/thumb/v7e-m+fp/hard/libstdc++_nano.a(snprintf_lite.o)
                              /opt/st/stm32cubeide_1.12.1/plugins/com.st.stm32cube.ide.mcu.externaltools.gnu-tools-for-stm32.10.3-2021.10.linux64_1.0.200.202301161003/tools/bin/../lib/gcc/arm-none-eabi/10.3.1/../../../../arm-none-eabi/lib/thumb/v7e-m+fp/hard/libstdc++_nano.a(functexcept.o) (__gnu_cxx::__snprintf_lite(char*, unsigned int, char const*, std::__va_list))
/opt/st/stm32cubeide_1.12.1/plugins/com.st.stm32cube.ide.mcu.externaltools.gnu-tools-for-stm32.10.3-2021.10.linux64_1.0.200.202301161003/tools/bin/../lib/gcc/arm-none-eabi/10.3.1/../../../../arm-none-eabi/lib/thumb/v7e-m+fp/hard/libstdc++_nano.a(del_op.o)
                              /opt/st/stm32cubeide_1.12.1/plugins/com.st.stm32cube.ide.mcu.externaltools.gnu-tools-for-stm32.10.3-2021.10.linux64_1.0.200.202301161003/tools/bin/../lib/gcc/arm-none-eabi/10.3.1/../../../../arm-none-eabi/lib/thumb/v7e-m+fp/hard/libstdc++_nano.a(del_ops.o) (operator delete(void*))
/opt/st/stm32cubeide_1.12.1/plugins/com.st.stm32cube.ide.mcu.externaltools.gnu-tools-for-stm32.10.3-2021.10.linux64_1.0.200.202301161003/tools/bin/../lib/gcc/arm-none-eabi/10.3.1/../../../../arm-none-eabi/lib/thumb/v7e-m+fp/hard/libstdc++_nano.a(new_handler.o)
                              /opt/st/stm32cubeide_1.12.1/plugins/com.st.stm32cube.ide.mcu.externaltools.gnu-tools-for-stm32.10.3-2021.10.linux64_1.0.200.202301161003/tools/bin/../lib/gcc/arm-none-eabi/10.3.1/../../../../arm-none-eabi/lib/thumb/v7e-m+fp/hard/libstdc++_nano.a(new_op.o) (std::get_new_handler())
/opt/st/stm32cubeide_1.12.1/plugins/com.st.stm32cube.ide.mcu.externaltools.gnu-tools-for-stm32.10.3-2021.10.linux64_1.0.200.202301161003/tools/bin/../lib/gcc/arm-none-eabi/10.3.1/../../../../arm-none-eabi/lib/thumb/v7e-m+fp/hard/libc_nano.a(lib_a-abort.o)
                              /opt/st/stm32cubeide_1.12.1/plugins/com.st.stm32cube.ide.mcu.externaltools.gnu-tools-for-stm32.10.3-2021.10.linux64_1.0.200.202301161003/tools/bin/../lib/gcc/arm-none-eabi/10.3.1/../../../../arm-none-eabi/lib/thumb/v7e-m+fp/hard/libstdc++_nano.a(new_op.o) (abort)
/opt/st/stm32cubeide_1.12.1/plugins/com.st.stm32cube.ide.mcu.externaltools.gnu-tools-for-stm32.10.3-2021.10.linux64_1.0.200.202301161003/tools/bin/../lib/gcc/arm-none-eabi/10.3.1/../../../../arm-none-eabi/lib/thumb/v7e-m+fp/hard/libc_nano.a(lib_a-errno.o)
                              ./Core/Src/syscalls.o (__errno)
/opt/st/stm32cubeide_1.12.1/plugins/com.st.stm32cube.ide.mcu.externaltools.gnu-tools-for-stm32.10.3-2021.10.linux64_1.0.200.202301161003/tools/bin/../lib/gcc/arm-none-eabi/10.3.1/../../../../arm-none-eabi/lib/thumb/v7e-m+fp/hard/libc_nano.a(lib_a-exit.o)
                              /opt/st/stm32cubeide_1.12.1/plugins/com.st.stm32cube.ide.mcu.externaltools.gnu-tools-for-stm32.10.3-2021.10.linux64_1.0.200.202301161003/tools/bin/../lib/gcc/arm-none-eabi/10.3.1/../../../../arm-none-eabi/lib/thumb/v7e-m+fp/hard/crt0.o (exit)
/opt/st/stm32cubeide_1.12.1/plugins/com.st.stm32cube.ide.mcu.externaltools.gnu-tools-for-stm32.10.3-2021.10.linux64_1.0.200.202301161003/tools/bin/../lib/gcc/arm-none-eabi/10.3.1/../../../../arm-none-eabi/lib/thumb/v7e-m+fp/hard/libc_nano.a(lib_a-impure.o)
                              /opt/st/stm32cubeide_1.12.1/plugins/com.st.stm32cube.ide.mcu.externaltools.gnu-tools-for-stm32.10.3-2021.10.linux64_1.0.200.202301161003/tools/bin/../lib/gcc/arm-none-eabi/10.3.1/../../../../arm-none-eabi/lib/thumb/v7e-m+fp/hard/libc_nano.a(lib_a-exit.o) (_global_impure_ptr)
[...]
Memory Configuration

Name             Origin             Length             Attributes
RAM              0x0000000020000000 0x0000000000008000 xrw
FLASH            0x0000000008000000 0x0000000000020000 xr
*default*        0x0000000000000000 0xffffffffffffffff

Linker script and memory map

LOAD /opt/st/stm32cubeide_1.12.1/plugins/com.st.stm32cube.ide.mcu.externaltools.gnu-tools-for-stm32.10.3-2021.10.linux64_1.0.200.202301161003/tools/bin/../lib/gcc/arm-none-eabi/10.3.1/thumb/v7e-m+fp/hard/crti.o
LOAD /opt/st/stm32cubeide_1.12.1/plugins/com.st.stm32cube.ide.mcu.externaltools.gnu-tools-for-stm32.10.3-2021.10.linux64_1.0.200.202301161003/tools/bin/../lib/gcc/arm-none-eabi/10.3.1/thumb/v7e-m+fp/hard/crtbegin.o
LOAD /opt/st/stm32cubeide_1.12.1/plugins/com.st.stm32cube.ide.mcu.externaltools.gnu-tools-for-stm32.10.3-2021.10.linux64_1.0.200.202301161003/tools/bin/../lib/gcc/arm-none-eabi/10.3.1/../../../../arm-none-eabi/lib/thumb/v7e-m+fp/hard/crt0.o
LOAD ./App/Controller/Controller.o
LOAD ./App/MAX22200/MAX22200_driver.o
LOAD ./App/Motor/Motor.o
LOAD ./App/loop.o
LOAD ./Core/Src/gpio.o
LOAD ./Core/Src/main.o
LOAD ./Core/Src/spi.o
LOAD ./Core/Src/stm32g4xx_hal_msp.o
LOAD ./Core/Src/stm32g4xx_it.o
LOAD ./Core/Src/syscalls.o
LOAD ./Core/Src/sysmem.o
LOAD ./Core/Src/system_stm32g4xx.o
LOAD ./Core/Src/tim.o
LOAD ./Core/Startup/startup_stm32g431kbtx.o
LOAD ./Drivers/STM32G4xx_HAL_Driver/Src/stm32g4xx_hal.o
LOAD ./Drivers/STM32G4xx_HAL_Driver/Src/stm32g4xx_hal_cortex.o
LOAD ./Drivers/STM32G4xx_HAL_Driver/Src/stm32g4xx_hal_dma.o
LOAD ./Drivers/STM32G4xx_HAL_Driver/Src/stm32g4xx_hal_dma_ex.o
LOAD ./Drivers/STM32G4xx_HAL_Driver/Src/stm32g4xx_hal_exti.o
LOAD ./Drivers/STM32G4xx_HAL_Driver/Src/stm32g4xx_hal_flash.o
LOAD ./Drivers/STM32G4xx_HAL_Driver/Src/stm32g4xx_hal_flash_ex.o
LOAD ./Drivers/STM32G4xx_HAL_Driver/Src/stm32g4xx_hal_flash_ramfunc.o
LOAD ./Drivers/STM32G4xx_HAL_Driver/Src/stm32g4xx_hal_gpio.o
LOAD ./Drivers/STM32G4xx_HAL_Driver/Src/stm32g4xx_hal_pwr.o
LOAD ./Drivers/STM32G4xx_HAL_Driver/Src/stm32g4xx_hal_pwr_ex.o
LOAD ./Drivers/STM32G4xx_HAL_Driver/Src/stm32g4xx_hal_rcc.o
LOAD ./Drivers/STM32G4xx_HAL_Driver/Src/stm32g4xx_hal_rcc_ex.o
LOAD ./Drivers/STM32G4xx_HAL_Driver/Src/stm32g4xx_hal_spi.o
LOAD ./Drivers/STM32G4xx_HAL_Driver/Src/stm32g4xx_hal_spi_ex.o
LOAD ./Drivers/STM32G4xx_HAL_Driver/Src/stm32g4xx_hal_tim.o
LOAD ./Drivers/STM32G4xx_HAL_Driver/Src/stm32g4xx_hal_tim_ex.o
START GROUP
LOAD /opt/st/stm32cubeide_1.12.1/plugins/com.st.stm32cube.ide.mcu.externaltools.gnu-tools-for-stm32.10.3-2021.10.linux64_1.0.200.202301161003/tools/bin/../lib/gcc/arm-none-eabi/10.3.1/../../../../arm-none-eabi/lib/thumb/v7e-m+fp/hard/libstdc++_nano.a
LOAD /opt/st/stm32cubeide_1.12.1/plugins/com.st.stm32cube.ide.mcu.externaltools.gnu-tools-for-stm32.10.3-2021.10.linux64_1.0.200.202301161003/tools/bin/../lib/gcc/arm-none-eabi/10.3.1/../../../../arm-none-eabi/lib/thumb/v7e-m+fp/hard/libsupc++_nano.a
END GROUP
LOAD /opt/st/stm32cubeide_1.12.1/plugins/com.st.stm32cube.ide.mcu.externaltools.gnu-tools-for-stm32.10.3-2021.10.linux64_1.0.200.202301161003/tools/bin/../lib/gcc/arm-none-eabi/10.3.1/../../../../arm-none-eabi/lib/thumb/v7e-m+fp/hard/libstdc++_nano.a
LOAD /opt/st/stm32cubeide_1.12.1/plugins/com.st.stm32cube.ide.mcu.externaltools.gnu-tools-for-stm32.10.3-2021.10.linux64_1.0.200.202301161003/tools/bin/../lib/gcc/arm-none-eabi/10.3.1/../../../../arm-none-eabi/lib/thumb/v7e-m+fp/hard/libm.a
LOAD /opt/st/stm32cubeide_1.12.1/plugins/com.st.stm32cube.ide.mcu.externaltools.gnu-tools-for-stm32.10.3-2021.10.linux64_1.0.200.202301161003/tools/bin/../lib/gcc/arm-none-eabi/10.3.1/../../../../arm-none-eabi/lib/thumb/v7e-m+fp/hard/libc_nano.a
START GROUP
LOAD /opt/st/stm32cubeide_1.12.1/plugins/com.st.stm32cube.ide.mcu.externaltools.gnu-tools-for-stm32.10.3-2021.10.linux64_1.0.200.202301161003/tools/bin/../lib/gcc/arm-none-eabi/10.3.1/thumb/v7e-m+fp/hard/libgcc.a
LOAD /opt/st/stm32cubeide_1.12.1/plugins/com.st.stm32cube.ide.mcu.externaltools.gnu-tools-for-stm32.10.3-2021.10.linux64_1.0.200.202301161003/tools/bin/../lib/gcc/arm-none-eabi/10.3.1/../../../../arm-none-eabi/lib/thumb/v7e-m+fp/hard/libc_nano.a
END GROUP
START GROUP
LOAD /opt/st/stm32cubeide_1.12.1/plugins/com.st.stm32cube.ide.mcu.externaltools.gnu-tools-for-stm32.10.3-2021.10.linux64_1.0.200.202301161003/tools/bin/../lib/gcc/arm-none-eabi/10.3.1/thumb/v7e-m+fp/hard/libgcc.a
LOAD /opt/st/stm32cubeide_1.12.1/plugins/com.st.stm32cube.ide.mcu.externaltools.gnu-tools-for-stm32.10.3-2021.10.linux64_1.0.200.202301161003/tools/bin/../lib/gcc/arm-none-eabi/10.3.1/../../../../arm-none-eabi/lib/thumb/v7e-m+fp/hard/libc_nano.a
LOAD /opt/st/stm32cubeide_1.12.1/plugins/com.st.stm32cube.ide.mcu.externaltools.gnu-tools-for-stm32.10.3-2021.10.linux64_1.0.200.202301161003/tools/bin/../lib/gcc/arm-none-eabi/10.3.1/../../../../arm-none-eabi/lib/thumb/v7e-m+fp/hard/libnosys.a
END GROUP
START GROUP
LOAD /opt/st/stm32cubeide_1.12.1/plugins/com.st.stm32cube.ide.mcu.externaltools.gnu-tools-for-stm32.10.3-2021.10.linux64_1.0.200.202301161003/tools/bin/../lib/gcc/arm-none-eabi/10.3.1/thumb/v7e-m+fp/hard/libgcc.a
LOAD /opt/st/stm32cubeide_1.12.1/plugins/com.st.stm32cube.ide.mcu.externaltools.gnu-tools-for-stm32.10.3-2021.10.linux64_1.0.200.202301161003/tools/bin/../lib/gcc/arm-none-eabi/10.3.1/../../../../arm-none-eabi/lib/thumb/v7e-m+fp/hard/libc_nano.a
LOAD /opt/st/stm32cubeide_1.12.1/plugins/com.st.stm32cube.ide.mcu.externaltools.gnu-tools-for-stm32.10.3-2021.10.linux64_1.0.200.202301161003/tools/bin/../lib/gcc/arm-none-eabi/10.3.1/../../../../arm-none-eabi/lib/thumb/v7e-m+fp/hard/libnosys.a
END GROUP
LOAD /opt/st/stm32cubeide_1.12.1/plugins/com.st.stm32cube.ide.mcu.externaltools.gnu-tools-for-stm32.10.3-2021.10.linux64_1.0.200.202301161003/tools/bin/../lib/gcc/arm-none-eabi/10.3.1/thumb/v7e-m+fp/hard/crtend.o
LOAD /opt/st/stm32cubeide_1.12.1/plugins/com.st.stm32cube.ide.mcu.externaltools.gnu-tools-for-stm32.10.3-2021.10.linux64_1.0.200.202301161003/tools/bin/../lib/gcc/arm-none-eabi/10.3.1/thumb/v7e-m+fp/hard/crtn.o
                0x0000000020008000                _estack = (ORIGIN (RAM) + LENGTH (RAM))
                0x0000000000000200                _Min_Heap_Size = 0x200
                0x0000000000000400                _Min_Stack_Size = 0x400

.isr_vector     0x0000000008000000      0x1d8
                0x0000000008000000                . = ALIGN (0x4)
 *(.isr_vector)
 .isr_vector    0x0000000008000000      0x1d8 ./Core/Startup/startup_stm32g431kbtx.o
                0x0000000008000000                g_pfnVectors
                0x00000000080001d8                . = ALIGN (0x4)

.text           0x00000000080001d8     0x3d0c
                0x00000000080001d8                . = ALIGN (0x4)
 *(.text)
 .text          0x00000000080001d8       0x40 /opt/st/stm32cubeide_1.12.1/plugins/com.st.stm32cube.ide.mcu.externaltools.gnu-tools-for-stm32.10.3-2021.10.linux64_1.0.200.202301161003/tools/bin/../lib/gcc/arm-none-eabi/10.3.1/thumb/v7e-m+fp/hard/crtbegin.o
 *(.text*)
 .text._ZnwjPv  0x0000000008000218       0x18 ./App/Controller/Controller.o
                0x0000000008000218                operator new(unsigned int, void*)
 .text._ZNSt12_Vector_baseI5MotorSaIS0_EEC2Ev
                0x0000000008000230       0x1a ./App/Controller/Controller.o
                0x0000000008000230                std::_Vector_base<Motor, std::allocator<Motor> >::_Vector_base()
                0x0000000008000230                std::_Vector_base<Motor, std::allocator<Motor> >::_Vector_base()
 .text._ZNSt6vectorI5MotorSaIS0_EEC2Ev
                0x000000000800024a       0x1a ./App/Controller/Controller.o
                0x000000000800024a                std::vector<Motor, std::allocator<Motor> >::vector()
                0x000000000800024a                std::vector<Motor, std::allocator<Motor> >::vector()
 .text._ZN15MotorControllerC2Ev
                0x0000000008000264       0xc8 ./App/Controller/Controller.o
                0x0000000008000264                MotorController::MotorController()
                0x0000000008000264                MotorController::MotorController()
 .text._ZNSt12_Vector_baseI5MotorSaIS0_EE12_Vector_implC2Ev
                0x000000000800032c       0x20 ./App/Controller/Controller.o
                0x000000000800032c                std::_Vector_base<Motor, std::allocator<Motor> >::_Vector_impl::_Vector_impl()
                0x000000000800032c                std::_Vector_base<Motor, std::allocator<Motor> >::_Vector_impl::_Vector_impl()
 .text._ZNSt6vectorI5MotorSaIS0_EE9push_backEOS0_
                0x000000000800034c       0x22 ./App/Controller/Controller.o
                0x000000000800034c                std::vector<Motor, std::allocator<Motor> >::push_back(Motor&&)
 *fill*         0x000000000800036e        0x2 
 .text._ZNKSt6vectorI5MotorSaIS0_EE4sizeEv
                0x0000000008000370       0x28 ./App/Controller/Controller.o
                0x0000000008000370                std::vector<Motor, std::allocator<Motor> >::size() const
 .text._ZNSt6vectorI5MotorSaIS0_EE5beginEv
                0x0000000008000398       0x20 ./App/Controller/Controller.o
                0x0000000008000398                std::vector<Motor, std::allocator<Motor> >::begin()
 .text._ZNSt6vectorI5MotorSaIS0_EE3endEv
                0x00000000080003b8       0x22 ./App/Controller/Controller.o
                0x00000000080003b8                std::vector<Motor, std::allocator<Motor> >::end()
 .text._ZNSaI5MotorEC2Ev
                0x00000000080003da       0x18 ./App/Controller/Controller.o
                0x00000000080003da                std::allocator<Motor>::allocator()
                0x00000000080003da                std::allocator<Motor>::allocator()
 .text._ZNSt12_Vector_baseI5MotorSaIS0_EE17_Vector_impl_dataC2Ev
                0x00000000080003f2       0x28 ./App/Controller/Controller.o
                0x00000000080003f2                std::_Vector_base<Motor, std::allocator<Motor> >::_Vector_impl_data::_Vector_impl_data()
                0x00000000080003f2                std::_Vector_base<Motor, std::allocator<Motor> >::_Vector_impl_data::_Vector_impl_data()
 .text._ZNSt12_Vector_baseI5MotorSaIS0_EE13_M_deallocateEPS0_j
                0x000000000800041a       0x26 ./App/Controller/Controller.o
                0x000000000800041a                std::_Vector_base<Motor, std::allocator<Motor> >::_M_deallocate(Motor*, unsigned int)
 .text._ZNSt12_Vector_baseI5MotorSaIS0_EE19_M_get_Tp_allocatorEv
                0x0000000008000440       0x16 ./App/Controller/Controller.o
                0x0000000008000440                std::_Vector_base<Motor, std::allocator<Motor> >::_M_get_Tp_allocator()
 .text._ZSt8_DestroyIP5MotorS0_EvT_S2_RSaIT0_E
                0x0000000008000456       0x1c ./App/Controller/Controller.o
                0x0000000008000456                void std::_Destroy<Motor*, Motor>(Motor*, Motor*, std::allocator<Motor>&)
 .text._ZSt4moveIR5MotorEONSt16remove_referenceIT_E4typeEOS3_
                0x0000000008000472       0x16 ./App/Controller/Controller.o
                0x0000000008000472                std::remove_reference<Motor&>::type&& std::move<Motor&>(Motor&)
 .text._ZNSt6vectorI5MotorSaIS0_EE12emplace_backIJS0_EEEvDpOT_
                0x0000000008000488       0x5e ./App/Controller/Controller.o
                0x0000000008000488                void std::vector<Motor, std::allocator<Motor> >::emplace_back<Motor>(Motor&&)
 .text._ZN9__gnu_cxx17__normal_iteratorIP5MotorSt6vectorIS1_SaIS1_EEEC2ERKS2_
                0x00000000080004e6       0x20 ./App/Controller/Controller.o
                0x00000000080004e6                __gnu_cxx::__normal_iterator<Motor*, std::vector<Motor, std::allocator<Motor> > >::__normal_iterator(Motor* const&)
                0x00000000080004e6                __gnu_cxx::__normal_iterator<Motor*, std::vector<Motor, std::allocator<Motor> > >::__normal_iterator(Motor* const&)
 .text._ZNK9__gnu_cxx17__normal_iteratorIP5MotorSt6vectorIS1_SaIS1_EEE4baseEv
                0x0000000008000506       0x16 ./App/Controller/Controller.o
                0x0000000008000506                __gnu_cxx::__normal_iterator<Motor*, std::vector<Motor, std::allocator<Motor> > >::base() const
 .text._ZN9__gnu_cxx13new_allocatorI5MotorEC2Ev
                0x000000000800051c       0x16 ./App/Controller/Controller.o
                0x000000000800051c                __gnu_cxx::new_allocator<Motor>::new_allocator()
                0x000000000800051c                __gnu_cxx::new_allocator<Motor>::new_allocator()
 .text._ZNSt16allocator_traitsISaI5MotorEE10deallocateERS1_PS0_j
                0x0000000008000532       0x1e ./App/Controller/Controller.o
                0x0000000008000532                std::allocator_traits<std::allocator<Motor> >::deallocate(std::allocator<Motor>&, Motor*, unsigned int)
 .text._ZSt8_DestroyIP5MotorEvT_S2_
                0x0000000008000550       0x1a ./App/Controller/Controller.o
                0x0000000008000550                void std::_Destroy<Motor*>(Motor*, Motor*)
 .text._ZSt7forwardI5MotorEOT_RNSt16remove_referenceIS1_E4typeE
                0x000000000800056a       0x16 ./App/Controller/Controller.o
                0x000000000800056a                Motor&& std::forward<Motor>(std::remove_reference<Motor>::type&)
 .text._ZNSt16allocator_traitsISaI5MotorEE9constructIS0_JS0_EEEvRS1_PT_DpOT0_
                0x0000000008000580       0x26 ./App/Controller/Controller.o
                0x0000000008000580                void std::allocator_traits<std::allocator<Motor> >::construct<Motor, Motor>(std::allocator<Motor>&, Motor*, Motor&&)
 .text._ZNSt6vectorI5MotorSaIS0_EE15_S_use_relocateEv
                0x00000000080005a6       0x16 ./App/Controller/Controller.o
                0x00000000080005a6                std::vector<Motor, std::allocator<Motor> >::_S_use_relocate()
 .text._ZNSt6vectorI5MotorSaIS0_EE19_S_nothrow_relocateESt17integral_constantIbLb1EE
                0x00000000080005bc       0x16 ./App/Controller/Controller.o
                0x00000000080005bc                std::vector<Motor, std::allocator<Motor> >::_S_nothrow_relocate(std::integral_constant<bool, true>)
 *fill*         0x00000000080005d2        0x2 
 .text._ZNSt6vectorI5MotorSaIS0_EE17_M_realloc_insertIJS0_EEEvN9__gnu_cxx17__normal_iteratorIPS0_S2_EEDpOT_
                0x00000000080005d4      0x188 ./App/Controller/Controller.o
                0x00000000080005d4                void std::vector<Motor, std::allocator<Motor> >::_M_realloc_insert<Motor>(__gnu_cxx::__normal_iterator<Motor*, std::vector<Motor, std::allocator<Motor> > >, Motor&&)
 .text._ZN9__gnu_cxx13new_allocatorI5MotorE10deallocateEPS1_j
                0x000000000800075c       0x24 ./App/Controller/Controller.o
                0x000000000800075c                __gnu_cxx::new_allocator<Motor>::deallocate(Motor*, unsigned int)
 .text._ZNSt12_Destroy_auxILb1EE9__destroyIP5MotorEEvT_S4_
                0x0000000008000780       0x16 ./App/Controller/Controller.o
                0x0000000008000780                void std::_Destroy_aux<true>::__destroy<Motor*>(Motor*, Motor*)
 .text._ZN9__gnu_cxx13new_allocatorI5MotorE9constructIS1_JS1_EEEvPT_DpOT0_
                0x0000000008000796       0x34 ./App/Controller/Controller.o
                0x0000000008000796                void __gnu_cxx::new_allocator<Motor>::construct<Motor, Motor>(Motor*, Motor&&)
 .text._ZNKSt6vectorI5MotorSaIS0_EE12_M_check_lenEjPKc
                0x00000000080007ca       0x8e ./App/Controller/Controller.o
                0x00000000080007ca                std::vector<Motor, std::allocator<Motor> >::_M_check_len(unsigned int, char const*) const
 .text._ZN9__gnu_cxxmiIP5MotorSt6vectorIS1_SaIS1_EEEENS_17__normal_iteratorIT_T0_E15difference_typeERKS9_SC_
                0x0000000008000858       0x34 ./App/Controller/Controller.o
                0x0000000008000858                __gnu_cxx::__normal_iterator<Motor*, std::vector<Motor, std::allocator<Motor> > >::difference_type __gnu_cxx::operator-<Motor*, std::vector<Motor, std::allocator<Motor> > >(__gnu_cxx::__normal_iterator<Motor*, std::vector<Motor, std::allocator<Motor> > > const&, __gnu_cxx::__normal_iterator<Motor*, std::vector<Motor, std::allocator<Motor> > > const&)
 .text._ZNSt12_Vector_baseI5MotorSaIS0_EE11_M_allocateEj
                0x000000000800088c       0x28 ./App/Controller/Controller.o
                0x000000000800088c                std::_Vector_base<Motor, std::allocator<Motor> >::_M_allocate(unsigned int)
 .text._ZNSt6vectorI5MotorSaIS0_EE11_S_relocateEPS0_S3_S3_RS1_
                0x00000000080008b4       0x28 ./App/Controller/Controller.o
                0x00000000080008b4                std::vector<Motor, std::allocator<Motor> >::_S_relocate(Motor*, Motor*, Motor*, std::allocator<Motor>&)
 .text._ZSt34__uninitialized_move_if_noexcept_aIP5MotorS1_SaIS0_EET0_T_S4_S3_RT1_
                0x00000000080008dc       0x32 ./App/Controller/Controller.o
                0x00000000080008dc                Motor* std::__uninitialized_move_if_noexcept_a<Motor*, Motor*, std::allocator<Motor> >(Motor*, Motor*, Motor*, std::allocator<Motor>&)
 .text._ZNSt16allocator_traitsISaI5MotorEE7destroyIS0_EEvRS1_PT_
                0x000000000800090e       0x1a ./App/Controller/Controller.o
                0x000000000800090e                void std::allocator_traits<std::allocator<Motor> >::destroy<Motor>(std::allocator<Motor>&, Motor*)
 .text._ZNKSt6vectorI5MotorSaIS0_EE8max_sizeEv
                0x0000000008000928       0x22 ./App/Controller/Controller.o
                0x0000000008000928                std::vector<Motor, std::allocator<Motor> >::max_size() const
 .text._ZSt3maxIjERKT_S2_S2_
                0x000000000800094a       0x28 ./App/Controller/Controller.o
                0x000000000800094a                unsigned int const& std::max<unsigned int>(unsigned int const&, unsigned int const&)
 .text._ZNSt16allocator_traitsISaI5MotorEE8allocateERS1_j
                0x0000000008000972       0x1e ./App/Controller/Controller.o
                0x0000000008000972                std::allocator_traits<std::allocator<Motor> >::allocate(std::allocator<Motor>&, unsigned int)
 .text._ZNSt6vectorI5MotorSaIS0_EE14_S_do_relocateEPS0_S3_S3_RS1_St17integral_constantIbLb1EE
                0x0000000008000990       0x24 ./App/Controller/Controller.o
                0x0000000008000990                std::vector<Motor, std::allocator<Motor> >::_S_do_relocate(Motor*, Motor*, Motor*, std::allocator<Motor>&, std::integral_constant<bool, true>)
 .text._ZSt32__make_move_if_noexcept_iteratorI5MotorSt13move_iteratorIPS0_EET0_PT_
                0x00000000080009b4       0x1e ./App/Controller/Controller.o
                0x00000000080009b4                std::move_iterator<Motor*> std::__make_move_if_noexcept_iterator<Motor, std::move_iterator<Motor*> >(Motor*)
 .text._ZSt22__uninitialized_copy_aISt13move_iteratorIP5MotorES2_S1_ET0_T_S5_S4_RSaIT1_E
                0x00000000080009d2       0x22 ./App/Controller/Controller.o
                0x00000000080009d2                Motor* std::__uninitialized_copy_a<std::move_iterator<Motor*>, Motor*, Motor>(std::move_iterator<Motor*>, std::move_iterator<Motor*>, Motor*, std::allocator<Motor>&)
 .text._ZN9__gnu_cxx13new_allocatorI5MotorE7destroyIS1_EEvPT_
                0x00000000080009f4       0x16 ./App/Controller/Controller.o
                0x00000000080009f4                void __gnu_cxx::new_allocator<Motor>::destroy<Motor>(Motor*)
 *fill*         0x0000000008000a0a        0x2 
 .text._ZNSt6vectorI5MotorSaIS0_EE11_S_max_sizeERKS1_
                0x0000000008000a0c       0x38 ./App/Controller/Controller.o
                0x0000000008000a0c                std::vector<Motor, std::allocator<Motor> >::_S_max_size(std::allocator<Motor> const&)
 .text._ZNKSt12_Vector_baseI5MotorSaIS0_EE19_M_get_Tp_allocatorEv
                0x0000000008000a44       0x16 ./App/Controller/Controller.o
                0x0000000008000a44                std::_Vector_base<Motor, std::allocator<Motor> >::_M_get_Tp_allocator() const
 .text._ZN9__gnu_cxx13new_allocatorI5MotorE8allocateEjPKv
                0x0000000008000a5a       0x40 ./App/Controller/Controller.o
                0x0000000008000a5a                __gnu_cxx::new_allocator<Motor>::allocate(unsigned int, void const*)
 .text._ZSt12__relocate_aIP5MotorS1_SaIS0_EET0_T_S4_S3_RT1_
                0x0000000008000a9a       0x3a ./App/Controller/Controller.o
                0x0000000008000a9a                Motor* std::__relocate_a<Motor*, Motor*, std::allocator<Motor> >(Motor*, Motor*, Motor*, std::allocator<Motor>&)
 .text._ZNSt13move_iteratorIP5MotorEC2ES1_
                0x0000000008000ad4       0x24 ./App/Controller/Controller.o
                0x0000000008000ad4                std::move_iterator<Motor*>::move_iterator(Motor*)
                0x0000000008000ad4                std::move_iterator<Motor*>::move_iterator(Motor*)
 .text._ZSt18uninitialized_copyISt13move_iteratorIP5MotorES2_ET0_T_S5_S4_
                0x0000000008000af8       0x24 ./App/Controller/Controller.o
                0x0000000008000af8                Motor* std::uninitialized_copy<std::move_iterator<Motor*>, Motor*>(std::move_iterator<Motor*>, std::move_iterator<Motor*>, Motor*)
 .text._ZNSt16allocator_traitsISaI5MotorEE8max_sizeERKS1_
                0x0000000008000b1c       0x18 ./App/Controller/Controller.o
                0x0000000008000b1c                std::allocator_traits<std::allocator<Motor> >::max_size(std::allocator<Motor> const&)
 .text._ZSt3minIjERKT_S2_S2_
                0x0000000008000b34       0x28 ./App/Controller/Controller.o
                0x0000000008000b34                unsigned int const& std::min<unsigned int>(unsigned int const&, unsigned int const&)
 .text._ZNK9__gnu_cxx13new_allocatorI5MotorE11_M_max_sizeEv
                0x0000000008000b5c       0x1c ./App/Controller/Controller.o
                0x0000000008000b5c                __gnu_cxx::new_allocator<Motor>::_M_max_size() const
 .text._ZSt12__niter_baseIP5MotorET_S2_
                0x0000000008000b78       0x16 ./App/Controller/Controller.o
                0x0000000008000b78                Motor* std::__niter_base<Motor*>(Motor*)
 .text._ZSt14__relocate_a_1IP5MotorS1_SaIS0_EET0_T_S4_S3_RT1_
                0x0000000008000b8e       0x4c ./App/Controller/Controller.o
                0x0000000008000b8e                Motor* std::__relocate_a_1<Motor*, Motor*, std::allocator<Motor> >(Motor*, Motor*, Motor*, std::allocator<Motor>&)
 .text._ZSt4moveIRP5MotorEONSt16remove_referenceIT_E4typeEOS4_
                0x0000000008000bda       0x16 ./App/Controller/Controller.o
                0x0000000008000bda                std::remove_reference<Motor*&>::type&& std::move<Motor*&>(Motor*&)
 .text._ZNSt20__uninitialized_copyILb0EE13__uninit_copyISt13move_iteratorIP5MotorES4_EET0_T_S7_S6_
                0x0000000008000bf0       0x5e ./App/Controller/Controller.o
                0x0000000008000bf0                Motor* std::__uninitialized_copy<false>::__uninit_copy<std::move_iterator<Motor*>, Motor*>(std::move_iterator<Motor*>, std::move_iterator<Motor*>, Motor*)
 .text._ZNK9__gnu_cxx13new_allocatorI5MotorE8max_sizeEv
                0x0000000008000c4e       0x18 ./App/Controller/Controller.o
                0x0000000008000c4e                __gnu_cxx::new_allocator<Motor>::max_size() const
 .text._ZSt11__addressofI5MotorEPT_RS1_
                0x0000000008000c66       0x16 ./App/Controller/Controller.o
                0x0000000008000c66                Motor* std::__addressof<Motor>(Motor&)
 .text._ZSt19__relocate_object_aI5MotorS0_SaIS0_EEvPT_PT0_RT1_
                0x0000000008000c7c       0x36 ./App/Controller/Controller.o
                0x0000000008000c7c                void std::__relocate_object_a<Motor, Motor, std::allocator<Motor> >(Motor*, Motor*, std::allocator<Motor>&)
 .text._ZStneIP5MotorEbRKSt13move_iteratorIT_ES6_
                0x0000000008000cb2       0x22 ./App/Controller/Controller.o
                0x0000000008000cb2                bool std::operator!=<Motor*>(std::move_iterator<Motor*> const&, std::move_iterator<Motor*> const&)
 .text._ZNSt13move_iteratorIP5MotorEppEv
                0x0000000008000cd4       0x22 ./App/Controller/Controller.o
                0x0000000008000cd4                std::move_iterator<Motor*>::operator++()
 .text._ZNKSt13move_iteratorIP5MotorEdeEv
                0x0000000008000cf6       0x18 ./App/Controller/Controller.o
                0x0000000008000cf6                std::move_iterator<Motor*>::operator*() const
 .text._ZSt10_ConstructI5MotorJS0_EEvPT_DpOT0_
                0x0000000008000d0e       0x32 ./App/Controller/Controller.o
                0x0000000008000d0e                void std::_Construct<Motor, Motor>(Motor*, Motor&&)
 .text._ZSteqIP5MotorEbRKSt13move_iteratorIT_ES6_
                0x0000000008000d40       0x2c ./App/Controller/Controller.o
                0x0000000008000d40                bool std::operator==<Motor*>(std::move_iterator<Motor*> const&, std::move_iterator<Motor*> const&)
 .text._ZNKSt13move_iteratorIP5MotorE4baseEv
                0x0000000008000d6c       0x18 ./App/Controller/Controller.o
                0x0000000008000d6c                std::move_iterator<Motor*>::base() const
 .text._ZN8MAX22200C2Ev
                0x0000000008000d84       0x16 ./App/MAX22200/MAX22200_driver.o
                0x0000000008000d84                MAX22200::MAX22200()
                0x0000000008000d84                MAX22200::MAX22200()
 *fill*         0x0000000008000d9a        0x2 
 .text._ZN8MAX2220013MAX22200_initEPK18MAX22200_StatusReg
                0x0000000008000d9c       0x64 ./App/MAX22200/MAX22200_driver.o
                0x0000000008000d9c                MAX22200::MAX22200_init(MAX22200_StatusReg const*)
 .text._ZN8MAX2220023MAX22200_write_registerEhm
                0x0000000008000e00       0xcc ./App/MAX22200/MAX22200_driver.o
                0x0000000008000e00                MAX22200::MAX22200_write_register(unsigned char, unsigned long)
 .text._ZN8MAX2220019buildStatusRegisterEPK18MAX22200_StatusReg
                0x0000000008000ecc       0xe6 ./App/MAX22200/MAX22200_driver.o
                0x0000000008000ecc                MAX22200::buildStatusRegister(MAX22200_StatusReg const*)
 *fill*         0x0000000008000fb2        0x2 
 .text._ZN5MotorC2Eh8MAX22200
                0x0000000008000fb4       0xdc ./App/Motor/Motor.o
                0x0000000008000fb4                Motor::Motor(unsigned char, MAX22200)
                0x0000000008000fb4                Motor::Motor(unsigned char, MAX22200)
 .text._ZN5Motor16buildCfgRegisterERK15CFG_CH_Register
                0x0000000008001090      0x12a ./App/Motor/Motor.o
                0x0000000008001090                Motor::buildCfgRegister(CFG_CH_Register const&)
 *fill*         0x00000000080011ba        0x2 
 .text.loop_init
                0x00000000080011bc       0x28 ./App/loop.o
                0x00000000080011bc                loop_init
 .text.loop     0x00000000080011e4        0xe ./App/loop.o
                0x00000000080011e4                loop
 .text._ZN15MotorControllerD2Ev
                0x00000000080011f2       0x1c ./App/loop.o
                0x00000000080011f2                MotorController::~MotorController()
                0x00000000080011f2                MotorController::~MotorController()
 *fill*         0x000000000800120e        0x2 
 .text._Z41__static_initialization_and_destruction_0ii
                0x0000000008001210       0x44 ./App/loop.o
 .text._ZNSt6vectorI5MotorSaIS0_EED2Ev
                0x0000000008001254       0x36 ./App/loop.o
                0x0000000008001254                std::vector<Motor, std::allocator<Motor> >::~vector()
                0x0000000008001254                std::vector<Motor, std::allocator<Motor> >::~vector()
 .text._ZNSt12_Vector_baseI5MotorSaIS0_EE12_Vector_implD2Ev
                0x000000000800128a       0x18 ./App/loop.o
                0x000000000800128a                std::_Vector_base<Motor, std::allocator<Motor> >::_Vector_impl::~_Vector_impl()
                0x000000000800128a                std::_Vector_base<Motor, std::allocator<Motor> >::_Vector_impl::~_Vector_impl()
 *fill*         0x00000000080012a2        0x2 
 .text._ZNSt12_Vector_baseI5MotorSaIS0_EED2Ev
                0x00000000080012a4       0x3c ./App/loop.o
                0x00000000080012a4                std::_Vector_base<Motor, std::allocator<Motor> >::~_Vector_base()
                0x00000000080012a4                std::_Vector_base<Motor, std::allocator<Motor> >::~_Vector_base()
 .text._ZNSaI5MotorED2Ev
                0x00000000080012e0       0x18 ./App/loop.o
                0x00000000080012e0                std::allocator<Motor>::~allocator()
                0x00000000080012e0                std::allocator<Motor>::~allocator()
 .text._ZN9__gnu_cxx13new_allocatorI5MotorED2Ev
                0x00000000080012f8       0x16 ./App/loop.o
                0x00000000080012f8                __gnu_cxx::new_allocator<Motor>::~new_allocator()
                0x00000000080012f8                __gnu_cxx::new_allocator<Motor>::~new_allocator()
 .text._GLOBAL__sub_I_control1
                0x000000000800130e       0x10 ./App/loop.o
 .text._GLOBAL__sub_D_control1
                0x000000000800131e       0x10 ./App/loop.o
 *fill*         0x000000000800132e        0x2 
 .text.MX_GPIO_Init
                0x0000000008001330       0xac ./Core/Src/gpio.o
                0x0000000008001330                MX_GPIO_Init
 .text.main     0x00000000080013dc       0x22 ./Core/Src/main.o
                0x00000000080013dc                main
 .text.SystemClock_Config
                0x00000000080013fe       0x98 ./Core/Src/main.o
                0x00000000080013fe                SystemClock_Config
 .text.Error_Handler
                0x0000000008001496        0xa ./Core/Src/main.o
                0x0000000008001496                Error_Handler
 .text.MX_SPI1_Init
                0x00000000080014a0       0x7c ./Core/Src/spi.o
                0x00000000080014a0                MX_SPI1_Init
 .text.HAL_SPI_MspInit
                0x000000000800151c       0x88 ./Core/Src/spi.o
                0x000000000800151c                HAL_SPI_MspInit
 .text.HAL_MspInit
                0x00000000080015a4       0x48 ./Core/Src/stm32g4xx_hal_msp.o
                0x00000000080015a4                HAL_MspInit
 .text.NMI_Handler
                0x00000000080015ec        0x6 ./Core/Src/stm32g4xx_it.o
                0x00000000080015ec                NMI_Handler
 .text.HardFault_Handler
                0x00000000080015f2        0x6 ./Core/Src/stm32g4xx_it.o
                0x00000000080015f2                HardFault_Handler
 .text.MemManage_Handler
                0x00000000080015f8        0x6 ./Core/Src/stm32g4xx_it.o
                0x00000000080015f8                MemManage_Handler
 .text.BusFault_Handler
                0x00000000080015fe        0x6 ./Core/Src/stm32g4xx_it.o
                0x00000000080015fe                BusFault_Handler
 .text.UsageFault_Handler
                0x0000000008001604        0x6 ./Core/Src/stm32g4xx_it.o
                0x0000000008001604                UsageFault_Handler
 .text.SVC_Handler
                0x000000000800160a        0xe ./Core/Src/stm32g4xx_it.o
                0x000000000800160a                SVC_Handler
 .text.DebugMon_Handler
                0x0000000008001618        0xe ./Core/Src/stm32g4xx_it.o
                0x0000000008001618                DebugMon_Handler
 .text.PendSV_Handler
                0x0000000008001626        0xe ./Core/Src/stm32g4xx_it.o
                0x0000000008001626                PendSV_Handler
 .text.SysTick_Handler
                0x0000000008001634        0xc ./Core/Src/stm32g4xx_it.o
                0x0000000008001634                SysTick_Handler
 .text._getpid  0x0000000008001640       0x10 ./Core/Src/syscalls.o
                0x0000000008001640                _getpid
 .text._kill    0x0000000008001650       0x20 ./Core/Src/syscalls.o
                0x0000000008001650                _kill
 .text._exit    0x0000000008001670       0x14 ./Core/Src/syscalls.o
                0x0000000008001670                _exit
 .text._sbrk    0x0000000008001684       0x6c ./Core/Src/sysmem.o
                0x0000000008001684                _sbrk
 .text.SystemInit
                0x00000000080016f0       0x24 ./Core/Src/system_stm32g4xx.o
                0x00000000080016f0                SystemInit
 .text.MX_TIM2_Init
                0x0000000008001714       0x9c ./Core/Src/tim.o
                0x0000000008001714                MX_TIM2_Init
 .text.HAL_TIM_Base_MspInit
                0x00000000080017b0       0x3c ./Core/Src/tim.o
                0x00000000080017b0                HAL_TIM_Base_MspInit
 .text.Reset_Handler
                0x00000000080017ec       0x50 ./Core/Startup/startup_stm32g431kbtx.o
                0x00000000080017ec                Reset_Handler
 .text.Default_Handler
                0x000000000800183c        0x2 ./Core/Startup/startup_stm32g431kbtx.o
                0x000000000800183c                RTC_Alarm_IRQHandler
                0x000000000800183c                EXTI2_IRQHandler
                0x000000000800183c                TIM8_TRG_COM_IRQHandler
                0x000000000800183c                TIM8_CC_IRQHandler
                0x000000000800183c                TIM1_CC_IRQHandler
                0x000000000800183c                USB_HP_IRQHandler
                0x000000000800183c                CORDIC_IRQHandler
                0x000000000800183c                EXTI3_IRQHandler
                0x000000000800183c                I2C3_ER_IRQHandler
                0x000000000800183c                EXTI0_IRQHandler
                0x000000000800183c                I2C2_EV_IRQHandler
                0x000000000800183c                FPU_IRQHandler
                0x000000000800183c                FDCAN1_IT1_IRQHandler
                0x000000000800183c                TIM1_UP_TIM16_IRQHandler
                0x000000000800183c                ADC1_2_IRQHandler
                0x000000000800183c                SPI1_IRQHandler
                0x000000000800183c                TIM6_DAC_IRQHandler
                0x000000000800183c                TIM8_UP_IRQHandler
                0x000000000800183c                DMA2_Channel2_IRQHandler
                0x000000000800183c                DMA1_Channel4_IRQHandler
                0x000000000800183c                USART3_IRQHandler
                0x000000000800183c                TIM4_IRQHandler
                0x000000000800183c                DMA2_Channel1_IRQHandler
                0x000000000800183c                I2C1_EV_IRQHandler
                0x000000000800183c                DMA1_Channel6_IRQHandler
                0x000000000800183c                UART4_IRQHandler
                0x000000000800183c                DMA2_Channel4_IRQHandler
                0x000000000800183c                TIM3_IRQHandler
                0x000000000800183c                RCC_IRQHandler
                0x000000000800183c                DMA1_Channel1_IRQHandler
                0x000000000800183c                Default_Handler
                0x000000000800183c                RTC_TAMP_LSECSS_IRQHandler
                0x000000000800183c                FMAC_IRQHandler
                0x000000000800183c                EXTI15_10_IRQHandler
                0x000000000800183c                TIM7_IRQHandler
                0x000000000800183c                UCPD1_IRQHandler
                0x000000000800183c                I2C3_EV_IRQHandler
                0x000000000800183c                EXTI9_5_IRQHandler
                0x000000000800183c                RTC_WKUP_IRQHandler
                0x000000000800183c                PVD_PVM_IRQHandler
                0x000000000800183c                SPI2_IRQHandler
                0x000000000800183c                DMA2_Channel5_IRQHandler
                0x000000000800183c                CRS_IRQHandler
                0x000000000800183c                DMA1_Channel5_IRQHandler
                0x000000000800183c                USB_LP_IRQHandler
                0x000000000800183c                EXTI4_IRQHandler
                0x000000000800183c                RNG_IRQHandler
                0x000000000800183c                TIM1_TRG_COM_TIM17_IRQHandler
                0x000000000800183c                DMA1_Channel3_IRQHandler
                0x000000000800183c                WWDG_IRQHandler
                0x000000000800183c                LPUART1_IRQHandler
                0x000000000800183c                DMA2_Channel6_IRQHandler
                0x000000000800183c                FDCAN1_IT0_IRQHandler
                0x000000000800183c                TIM2_IRQHandler
                0x000000000800183c                COMP1_2_3_IRQHandler
                0x000000000800183c                EXTI1_IRQHandler
                0x000000000800183c                USART2_IRQHandler
                0x000000000800183c                I2C2_ER_IRQHandler
                0x000000000800183c                DMA1_Channel2_IRQHandler
                0x000000000800183c                TIM8_BRK_IRQHandler
                0x000000000800183c                FLASH_IRQHandler
                0x000000000800183c                USART1_IRQHandler
                0x000000000800183c                SPI3_IRQHandler
                0x000000000800183c                I2C1_ER_IRQHandler
                0x000000000800183c                LPTIM1_IRQHandler
                0x000000000800183c                DMAMUX_OVR_IRQHandler
                0x000000000800183c                USBWakeUp_IRQHandler
                0x000000000800183c                SAI1_IRQHandler
                0x000000000800183c                DMA2_Channel3_IRQHandler
                0x000000000800183c                COMP4_IRQHandler
                0x000000000800183c                TIM1_BRK_TIM15_IRQHandler
 .text.HAL_Init
                0x000000000800183e       0x30 ./Drivers/STM32G4xx_HAL_Driver/Src/stm32g4xx_hal.o
                0x000000000800183e                HAL_Init
 *fill*         0x000000000800186e        0x2 
 .text.HAL_InitTick
                0x0000000008001870       0x74 ./Drivers/STM32G4xx_HAL_Driver/Src/stm32g4xx_hal.o
                0x0000000008001870                HAL_InitTick
 .text.HAL_IncTick
                0x00000000080018e4       0x24 ./Drivers/STM32G4xx_HAL_Driver/Src/stm32g4xx_hal.o
                0x00000000080018e4                HAL_IncTick
 .text.HAL_GetTick
                0x0000000008001908       0x18 ./Drivers/STM32G4xx_HAL_Driver/Src/stm32g4xx_hal.o
                0x0000000008001908                HAL_GetTick
 .text.__NVIC_SetPriorityGrouping
                0x0000000008001920       0x48 ./Drivers/STM32G4xx_HAL_Driver/Src/stm32g4xx_hal_cortex.o
 .text.__NVIC_GetPriorityGrouping
                0x0000000008001968       0x1c ./Drivers/STM32G4xx_HAL_Driver/Src/stm32g4xx_hal_cortex.o
 .text.__NVIC_SetPriority
                0x0000000008001984       0x54 ./Drivers/STM32G4xx_HAL_Driver/Src/stm32g4xx_hal_cortex.o
 .text.NVIC_EncodePriority
                0x00000000080019d8       0x66 ./Drivers/STM32G4xx_HAL_Driver/Src/stm32g4xx_hal_cortex.o
 *fill*         0x0000000008001a3e        0x2 
 .text.SysTick_Config
                0x0000000008001a40       0x44 ./Drivers/STM32G4xx_HAL_Driver/Src/stm32g4xx_hal_cortex.o
 .text.HAL_NVIC_SetPriorityGrouping
                0x0000000008001a84       0x16 ./Drivers/STM32G4xx_HAL_Driver/Src/stm32g4xx_hal_cortex.o
                0x0000000008001a84                HAL_NVIC_SetPriorityGrouping
 .text.HAL_NVIC_SetPriority
                0x0000000008001a9a       0x34 ./Drivers/STM32G4xx_HAL_Driver/Src/stm32g4xx_hal_cortex.o
                0x0000000008001a9a                HAL_NVIC_SetPriority
 .text.HAL_SYSTICK_Config
                0x0000000008001ace       0x18 ./Drivers/STM32G4xx_HAL_Driver/Src/stm32g4xx_hal_cortex.o
                0x0000000008001ace                HAL_SYSTICK_Config
 *fill*         0x0000000008001ae6        0x2 
 .text.HAL_GPIO_Init
                0x0000000008001ae8      0x304 ./Drivers/STM32G4xx_HAL_Driver/Src/stm32g4xx_hal_gpio.o
                0x0000000008001ae8                HAL_GPIO_Init
 .text.HAL_GPIO_WritePin
                0x0000000008001dec       0x30 ./Drivers/STM32G4xx_HAL_Driver/Src/stm32g4xx_hal_gpio.o
                0x0000000008001dec                HAL_GPIO_WritePin
 .text.HAL_PWREx_ControlVoltageScaling
                0x0000000008001e1c      0x148 ./Drivers/STM32G4xx_HAL_Driver/Src/stm32g4xx_hal_pwr_ex.o
                0x0000000008001e1c                HAL_PWREx_ControlVoltageScaling
 .text.HAL_RCC_OscConfig
                0x0000000008001f64      0x630 ./Drivers/STM32G4xx_HAL_Driver/Src/stm32g4xx_hal_rcc.o
                0x0000000008001f64                HAL_RCC_OscConfig
 .text.HAL_RCC_ClockConfig
                0x0000000008002594      0x278 ./Drivers/STM32G4xx_HAL_Driver/Src/stm32g4xx_hal_rcc.o
                0x0000000008002594                HAL_RCC_ClockConfig
 .text.HAL_RCC_GetSysClockFreq
                0x000000000800280c       0xc4 ./Drivers/STM32G4xx_HAL_Driver/Src/stm32g4xx_hal_rcc.o
                0x000000000800280c                HAL_RCC_GetSysClockFreq
 .text.RCC_GetSysClockFreqFromPLLSource
                0x00000000080028d0       0x8c ./Drivers/STM32G4xx_HAL_Driver/Src/stm32g4xx_hal_rcc.o
 .text.HAL_SPI_Init
                0x000000000800295c      0x156 ./Drivers/STM32G4xx_HAL_Driver/Src/stm32g4xx_hal_spi.o
                0x000000000800295c                HAL_SPI_Init
 .text.HAL_SPI_Transmit
                0x0000000008002ab2      0x2dc ./Drivers/STM32G4xx_HAL_Driver/Src/stm32g4xx_hal_spi.o
                0x0000000008002ab2                HAL_SPI_Transmit
 .text.HAL_SPI_TransmitReceive
                0x0000000008002d8e      0x426 ./Drivers/STM32G4xx_HAL_Driver/Src/stm32g4xx_hal_spi.o
                0x0000000008002d8e                HAL_SPI_TransmitReceive
 .text.SPI_WaitFlagStateUntilTimeout
                0x00000000080031b4      0x110 ./Drivers/STM32G4xx_HAL_Driver/Src/stm32g4xx_hal_spi.o
 .text.SPI_WaitFifoStateUntilTimeout
                0x00000000080032c4      0x12c ./Drivers/STM32G4xx_HAL_Driver/Src/stm32g4xx_hal_spi.o
 .text.SPI_EndRxTxTransaction
                0x00000000080033f0       0x8c ./Drivers/STM32G4xx_HAL_Driver/Src/stm32g4xx_hal_spi.o
 .text.HAL_TIM_Base_Init
                0x000000000800347c       0xae ./Drivers/STM32G4xx_HAL_Driver/Src/stm32g4xx_hal_tim.o
                0x000000000800347c                HAL_TIM_Base_Init
 *fill*         0x000000000800352a        0x2 
 .text.HAL_TIM_Base_Start_IT
                0x000000000800352c       0xd4 ./Drivers/STM32G4xx_HAL_Driver/Src/stm32g4xx_hal_tim.o
                0x000000000800352c                HAL_TIM_Base_Start_IT
 .text.HAL_TIM_ConfigClockSource
                0x0000000008003600      0x1f4 ./Drivers/STM32G4xx_HAL_Driver/Src/stm32g4xx_hal_tim.o
                0x0000000008003600                HAL_TIM_ConfigClockSource
 .text.TIM_Base_SetConfig
                0x00000000080037f4      0x120 ./Drivers/STM32G4xx_HAL_Driver/Src/stm32g4xx_hal_tim.o
                0x00000000080037f4                TIM_Base_SetConfig
 .text.TIM_TI1_ConfigInputStage
                0x0000000008003914       0x5e ./Drivers/STM32G4xx_HAL_Driver/Src/stm32g4xx_hal_tim.o
 .text.TIM_TI2_ConfigInputStage
                0x0000000008003972       0x60 ./Drivers/STM32G4xx_HAL_Driver/Src/stm32g4xx_hal_tim.o
 .text.TIM_ITRx_SetConfig
                0x00000000080039d2       0x3a ./Drivers/STM32G4xx_HAL_Driver/Src/stm32g4xx_hal_tim.o
 .text.TIM_ETR_SetConfig
                0x0000000008003a0c       0x40 ./Drivers/STM32G4xx_HAL_Driver/Src/stm32g4xx_hal_tim.o
                0x0000000008003a0c                TIM_ETR_SetConfig
 .text.HAL_TIMEx_MasterConfigSynchronization
                0x0000000008003a4c      0x104 ./Drivers/STM32G4xx_HAL_Driver/Src/stm32g4xx_hal_tim_ex.o
                0x0000000008003a4c                HAL_TIMEx_MasterConfigSynchronization
 .text._ZdlPvj  0x0000000008003b50        0x4 /opt/st/stm32cubeide_1.12.1/plugins/com.st.stm32cube.ide.mcu.externaltools.gnu-tools-for-stm32.10.3-2021.10.linux64_1.0.200.202301161003/tools/bin/../lib/gcc/arm-none-eabi/10.3.1/../../../../arm-none-eabi/lib/thumb/v7e-m+fp/hard/libstdc++_nano.a(del_ops.o)
                0x0000000008003b50                operator delete(void*, unsigned int)
 .text._Znwj    0x0000000008003b54       0x22 /opt/st/stm32cubeide_1.12.1/plugins/com.st.stm32cube.ide.mcu.externaltools.gnu-tools-for-stm32.10.3-2021.10.linux64_1.0.200.202301161003/tools/bin/../lib/gcc/arm-none-eabi/10.3.1/../../../../arm-none-eabi/lib/thumb/v7e-m+fp/hard/libstdc++_nano.a(new_op.o)
                0x0000000008003b54                operator new(unsigned int)
 .text.unlikely._ZSt17__throw_bad_allocv
                0x0000000008003b76        0x6 /opt/st/stm32cubeide_1.12.1/plugins/com.st.stm32cube.ide.mcu.externaltools.gnu-tools-for-stm32.10.3-2021.10.linux64_1.0.200.202301161003/tools/bin/../lib/gcc/arm-none-eabi/10.3.1/../../../../arm-none-eabi/lib/thumb/v7e-m+fp/hard/libstdc++_nano.a(functexcept.o)
                0x0000000008003b76                std::__throw_bad_alloc()
 .text.unlikely._ZSt20__throw_length_errorPKc
                0x0000000008003b7c        0x6 /opt/st/stm32cubeide_1.12.1/plugins/com.st.stm32cube.ide.mcu.externaltools.gnu-tools-for-stm32.10.3-2021.10.linux64_1.0.200.202301161003/tools/bin/../lib/gcc/arm-none-eabi/10.3.1/../../../../arm-none-eabi/lib/thumb/v7e-m+fp/hard/libstdc++_nano.a(functexcept.o)
                0x0000000008003b7c                std::__throw_length_error(char const*)
 .text._ZdlPv   0x0000000008003b82        0x4 /opt/st/stm32cubeide_1.12.1/plugins/com.st.stm32cube.ide.mcu.externaltools.gnu-tools-for-stm32.10.3-2021.10.linux64_1.0.200.202301161003/tools/bin/../lib/gcc/arm-none-eabi/10.3.1/../../../../arm-none-eabi/lib/thumb/v7e-m+fp/hard/libstdc++_nano.a(del_op.o)
                0x0000000008003b82                operator delete(void*)
 *fill*         0x0000000008003b86        0x2 
 .text._ZSt15get_new_handlerv
                0x0000000008003b88       0x10 /opt/st/stm32cubeide_1.12.1/plugins/com.st.stm32cube.ide.mcu.externaltools.gnu-tools-for-stm32.10.3-2021.10.linux64_1.0.200.202301161003/tools/bin/../lib/gcc/arm-none-eabi/10.3.1/../../../../arm-none-eabi/lib/thumb/v7e-m+fp/hard/libstdc++_nano.a(new_handler.o)
                0x0000000008003b88                std::get_new_handler()
 .text.abort    0x0000000008003b98        0xe /opt/st/stm32cubeide_1.12.1/plugins/com.st.stm32cube.ide.mcu.externaltools.gnu-tools-for-stm32.10.3-2021.10.linux64_1.0.200.202301161003/tools/bin/../lib/gcc/arm-none-eabi/10.3.1/../../../../arm-none-eabi/lib/thumb/v7e-m+fp/hard/libc_nano.a(lib_a-abort.o)
                0x0000000008003b98                abort
 *fill*         0x0000000008003ba6        0x2 
 .text.__errno  0x0000000008003ba8        0xc /opt/st/stm32cubeide_1.12.1/plugins/com.st.stm32cube.ide.mcu.externaltools.gnu-tools-for-stm32.10.3-2021.10.linux64_1.0.200.202301161003/tools/bin/../lib/gcc/arm-none-eabi/10.3.1/../../../../arm-none-eabi/lib/thumb/v7e-m+fp/hard/libc_nano.a(lib_a-errno.o)
                0x0000000008003ba8                __errno
 .text.__libc_init_array
                0x0000000008003bb4       0x48 /opt/st/stm32cubeide_1.12.1/plugins/com.st.stm32cube.ide.mcu.externaltools.gnu-tools-for-stm32.10.3-2021.10.linux64_1.0.200.202301161003/tools/bin/../lib/gcc/arm-none-eabi/10.3.1/../../../../arm-none-eabi/lib/thumb/v7e-m+fp/hard/libc_nano.a(lib_a-init.o)
                0x0000000008003bb4                __libc_init_array
 .text.malloc   0x0000000008003bfc       0x10 /opt/st/stm32cubeide_1.12.1/plugins/com.st.stm32cube.ide.mcu.externaltools.gnu-tools-for-stm32.10.3-2021.10.linux64_1.0.200.202301161003/tools/bin/../lib/gcc/arm-none-eabi/10.3.1/../../../../arm-none-eabi/lib/thumb/v7e-m+fp/hard/libc_nano.a(lib_a-malloc.o)
                0x0000000008003bfc                malloc
 .text.free     0x0000000008003c0c       0x10 /opt/st/stm32cubeide_1.12.1/plugins/com.st.stm32cube.ide.mcu.externaltools.gnu-tools-for-stm32.10.3-2021.10.linux64_1.0.200.202301161003/tools/bin/../lib/gcc/arm-none-eabi/10.3.1/../../../../arm-none-eabi/lib/thumb/v7e-m+fp/hard/libc_nano.a(lib_a-malloc.o)
                0x0000000008003c0c                free
 .text.memcpy   0x0000000008003c1c       0x1c /opt/st/stm32cubeide_1.12.1/plugins/com.st.stm32cube.ide.mcu.externaltools.gnu-tools-for-stm32.10.3-2021.10.linux64_1.0.200.202301161003/tools/bin/../lib/gcc/arm-none-eabi/10.3.1/../../../../arm-none-eabi/lib/thumb/v7e-m+fp/hard/libc_nano.a(lib_a-memcpy-stub.o)
                0x0000000008003c1c                memcpy
 .text.memset   0x0000000008003c38       0x10 /opt/st/stm32cubeide_1.12.1/plugins/com.st.stm32cube.ide.mcu.externaltools.gnu-tools-for-stm32.10.3-2021.10.linux64_1.0.200.202301161003/tools/bin/../lib/gcc/arm-none-eabi/10.3.1/../../../../arm-none-eabi/lib/thumb/v7e-m+fp/hard/libc_nano.a(lib_a-memset.o)
                0x0000000008003c38                memset
 .text._free_r  0x0000000008003c48       0x98 /opt/st/stm32cubeide_1.12.1/plugins/com.st.stm32cube.ide.mcu.externaltools.gnu-tools-for-stm32.10.3-2021.10.linux64_1.0.200.202301161003/tools/bin/../lib/gcc/arm-none-eabi/10.3.1/../../../../arm-none-eabi/lib/thumb/v7e-m+fp/hard/libc_nano.a(lib_a-nano-freer.o)
                0x0000000008003c48                _free_r
 .text.sbrk_aligned
                0x0000000008003ce0       0x40 /opt/st/stm32cubeide_1.12.1/plugins/com.st.stm32cube.ide.mcu.externaltools.gnu-tools-for-stm32.10.3-2021.10.linux64_1.0.200.202301161003/tools/bin/../lib/gcc/arm-none-eabi/10.3.1/../../../../arm-none-eabi/lib/thumb/v7e-m+fp/hard/libc_nano.a(lib_a-nano-mallocr.o)
 .text._malloc_r
                0x0000000008003d20       0xe8 /opt/st/stm32cubeide_1.12.1/plugins/com.st.stm32cube.ide.mcu.externaltools.gnu-tools-for-stm32.10.3-2021.10.linux64_1.0.200.202301161003/tools/bin/../lib/gcc/arm-none-eabi/10.3.1/../../../../arm-none-eabi/lib/thumb/v7e-m+fp/hard/libc_nano.a(lib_a-nano-mallocr.o)
                0x0000000008003d20                _malloc_r
 .text._sbrk_r  0x0000000008003e08       0x20 /opt/st/stm32cubeide_1.12.1/plugins/com.st.stm32cube.ide.mcu.externaltools.gnu-tools-for-stm32.10.3-2021.10.linux64_1.0.200.202301161003/tools/bin/../lib/gcc/arm-none-eabi/10.3.1/../../../../arm-none-eabi/lib/thumb/v7e-m+fp/hard/libc_nano.a(lib_a-sbrkr.o)
                0x0000000008003e08                _sbrk_r
 .text._raise_r
                0x0000000008003e28       0x50 /opt/st/stm32cubeide_1.12.1/plugins/com.st.stm32cube.ide.mcu.externaltools.gnu-tools-for-stm32.10.3-2021.10.linux64_1.0.200.202301161003/tools/bin/../lib/gcc/arm-none-eabi/10.3.1/../../../../arm-none-eabi/lib/thumb/v7e-m+fp/hard/libc_nano.a(lib_a-signal.o)
                0x0000000008003e28                _raise_r
 .text.raise    0x0000000008003e78       0x10 /opt/st/stm32cubeide_1.12.1/plugins/com.st.stm32cube.ide.mcu.externaltools.gnu-tools-for-stm32.10.3-2021.10.linux64_1.0.200.202301161003/tools/bin/../lib/gcc/arm-none-eabi/10.3.1/../../../../arm-none-eabi/lib/thumb/v7e-m+fp/hard/libc_nano.a(lib_a-signal.o)
                0x0000000008003e78                raise
 .text._kill_r  0x0000000008003e88       0x24 /opt/st/stm32cubeide_1.12.1/plugins/com.st.stm32cube.ide.mcu.externaltools.gnu-tools-for-stm32.10.3-2021.10.linux64_1.0.200.202301161003/tools/bin/../lib/gcc/arm-none-eabi/10.3.1/../../../../arm-none-eabi/lib/thumb/v7e-m+fp/hard/libc_nano.a(lib_a-signalr.o)
                0x0000000008003e88                _kill_r
 .text._getpid_r
                0x0000000008003eac        0x4 /opt/st/stm32cubeide_1.12.1/plugins/com.st.stm32cube.ide.mcu.externaltools.gnu-tools-for-stm32.10.3-2021.10.linux64_1.0.200.202301161003/tools/bin/../lib/gcc/arm-none-eabi/10.3.1/../../../../arm-none-eabi/lib/thumb/v7e-m+fp/hard/libc_nano.a(lib_a-signalr.o)
                0x0000000008003eac                _getpid_r
 .text.__retarget_lock_acquire_recursive
                0x0000000008003eb0        0x2 /opt/st/stm32cubeide_1.12.1/plugins/com.st.stm32cube.ide.mcu.externaltools.gnu-tools-for-stm32.10.3-2021.10.linux64_1.0.200.202301161003/tools/bin/../lib/gcc/arm-none-eabi/10.3.1/../../../../arm-none-eabi/lib/thumb/v7e-m+fp/hard/libc_nano.a(lib_a-lock.o)
                0x0000000008003eb0                __retarget_lock_acquire_recursive
 .text.__retarget_lock_release_recursive
                0x0000000008003eb2        0x2 /opt/st/stm32cubeide_1.12.1/plugins/com.st.stm32cube.ide.mcu.externaltools.gnu-tools-for-stm32.10.3-2021.10.linux64_1.0.200.202301161003/tools/bin/../lib/gcc/arm-none-eabi/10.3.1/../../../../arm-none-eabi/lib/thumb/v7e-m+fp/hard/libc_nano.a(lib_a-lock.o)
                0x0000000008003eb2                __retarget_lock_release_recursive
 .text.__malloc_lock
                0x0000000008003eb4        0xc /opt/st/stm32cubeide_1.12.1/plugins/com.st.stm32cube.ide.mcu.externaltools.gnu-tools-for-stm32.10.3-2021.10.linux64_1.0.200.202301161003/tools/bin/../lib/gcc/arm-none-eabi/10.3.1/../../../../arm-none-eabi/lib/thumb/v7e-m+fp/hard/libc_nano.a(lib_a-mlock.o)
                0x0000000008003eb4                __malloc_lock
 .text.__malloc_unlock
                0x0000000008003ec0        0xc /opt/st/stm32cubeide_1.12.1/plugins/com.st.stm32cube.ide.mcu.externaltools.gnu-tools-for-stm32.10.3-2021.10.linux64_1.0.200.202301161003/tools/bin/../lib/gcc/arm-none-eabi/10.3.1/../../../../arm-none-eabi/lib/thumb/v7e-m+fp/hard/libc_nano.a(lib_a-mlock.o)
                0x0000000008003ec0                __malloc_unlock
 *(.glue_7)
 .glue_7        0x0000000008003ecc        0x0 linker stubs
 *(.glue_7t)
 .glue_7t       0x0000000008003ecc        0x0 linker stubs
 *(.eh_frame)
 .eh_frame      0x0000000008003ecc        0x0 /opt/st/stm32cubeide_1.12.1/plugins/com.st.stm32cube.ide.mcu.externaltools.gnu-tools-for-stm32.10.3-2021.10.linux64_1.0.200.202301161003/tools/bin/../lib/gcc/arm-none-eabi/10.3.1/thumb/v7e-m+fp/hard/crtbegin.o
 *(.init)
 .init          0x0000000008003ecc        0x4 /opt/st/stm32cubeide_1.12.1/plugins/com.st.stm32cube.ide.mcu.externaltools.gnu-tools-for-stm32.10.3-2021.10.linux64_1.0.200.202301161003/tools/bin/../lib/gcc/arm-none-eabi/10.3.1/thumb/v7e-m+fp/hard/crti.o
                0x0000000008003ecc                _init
 .init          0x0000000008003ed0        0x8 /opt/st/stm32cubeide_1.12.1/plugins/com.st.stm32cube.ide.mcu.externaltools.gnu-tools-for-stm32.10.3-2021.10.linux64_1.0.200.202301161003/tools/bin/../lib/gcc/arm-none-eabi/10.3.1/thumb/v7e-m+fp/hard/crtn.o
 *(.fini)
 .fini          0x0000000008003ed8        0x4 /opt/st/stm32cubeide_1.12.1/plugins/com.st.stm32cube.ide.mcu.externaltools.gnu-tools-for-stm32.10.3-2021.10.linux64_1.0.200.202301161003/tools/bin/../lib/gcc/arm-none-eabi/10.3.1/thumb/v7e-m+fp/hard/crti.o
                0x0000000008003ed8                _fini
 .fini          0x0000000008003edc        0x8 /opt/st/stm32cubeide_1.12.1/plugins/com.st.stm32cube.ide.mcu.externaltools.gnu-tools-for-stm32.10.3-2021.10.linux64_1.0.200.202301161003/tools/bin/../lib/gcc/arm-none-eabi/10.3.1/thumb/v7e-m+fp/hard/crtn.o
                0x0000000008003ee4                . = ALIGN (0x4)
                0x0000000008003ee4                _etext = .

.vfp11_veneer   0x0000000008003ee4        0x0
 .vfp11_veneer  0x0000000008003ee4        0x0 linker stubs

.v4_bx          0x0000000008003ee4        0x0
 .v4_bx         0x0000000008003ee4        0x0 linker stubs

.iplt           0x0000000008003ee4        0x0
 .iplt          0x0000000008003ee4        0x0 /opt/st/stm32cubeide_1.12.1/plugins/com.st.stm32cube.ide.mcu.externaltools.gnu-tools-for-stm32.10.3-2021.10.linux64_1.0.200.202301161003/tools/bin/../lib/gcc/arm-none-eabi/10.3.1/thumb/v7e-m+fp/hard/crtbegin.o

.rodata         0x0000000008003ee4       0xac
                0x0000000008003ee4                . = ALIGN (0x4)
 *(.rodata)
 .rodata        0x0000000008003ee4       0x1a ./App/Controller/Controller.o
 *fill*         0x0000000008003efe        0x2 
 .rodata        0x0000000008003f00       0x20 ./App/Motor/Motor.o
 *(.rodata*)
 .rodata.AHBPrescTable
                0x0000000008003f20       0x10 ./Core/Src/system_stm32g4xx.o
                0x0000000008003f20                AHBPrescTable
 .rodata.__sf_fake_stderr
                0x0000000008003f30       0x20 /opt/st/stm32cubeide_1.12.1/plugins/com.st.stm32cube.ide.mcu.externaltools.gnu-tools-for-stm32.10.3-2021.10.linux64_1.0.200.202301161003/tools/bin/../lib/gcc/arm-none-eabi/10.3.1/../../../../arm-none-eabi/lib/thumb/v7e-m+fp/hard/libc_nano.a(lib_a-findfp.o)
                0x0000000008003f30                __sf_fake_stderr
 .rodata.__sf_fake_stdin
                0x0000000008003f50       0x20 /opt/st/stm32cubeide_1.12.1/plugins/com.st.stm32cube.ide.mcu.externaltools.gnu-tools-for-stm32.10.3-2021.10.linux64_1.0.200.202301161003/tools/bin/../lib/gcc/arm-none-eabi/10.3.1/../../../../arm-none-eabi/lib/thumb/v7e-m+fp/hard/libc_nano.a(lib_a-findfp.o)
                0x0000000008003f50                __sf_fake_stdin
 .rodata.__sf_fake_stdout
                0x0000000008003f70       0x20 /opt/st/stm32cubeide_1.12.1/plugins/com.st.stm32cube.ide.mcu.externaltools.gnu-tools-for-stm32.10.3-2021.10.linux64_1.0.200.202301161003/tools/bin/../lib/gcc/arm-none-eabi/10.3.1/../../../../arm-none-eabi/lib/thumb/v7e-m+fp/hard/libc_nano.a(lib_a-findfp.o)
                0x0000000008003f70                __sf_fake_stdout
                0x0000000008003f90                . = ALIGN (0x4)

.rel.dyn        0x0000000008003f90        0x0
 .rel.iplt      0x0000000008003f90        0x0 /opt/st/stm32cubeide_1.12.1/plugins/com.st.stm32cube.ide.mcu.externaltools.gnu-tools-for-stm32.10.3-2021.10.linux64_1.0.200.202301161003/tools/bin/../lib/gcc/arm-none-eabi/10.3.1/thumb/v7e-m+fp/hard/crtbegin.o

.ARM.extab      0x0000000008003f90        0x0
                0x0000000008003f90                . = ALIGN (0x4)
 *(.ARM.extab* .gnu.linkonce.armextab.*)
                0x0000000008003f90                . = ALIGN (0x4)

.ARM            0x0000000008003f90        0x0
                0x0000000008003f90                . = ALIGN (0x4)
                0x0000000008003f90                __exidx_start = .
 *(.ARM.exidx*)
                0x0000000008003f90                __exidx_end = .
                0x0000000008003f90                . = ALIGN (0x4)

.preinit_array  0x0000000008003f90        0x0
                0x0000000008003f90                . = ALIGN (0x4)
                0x0000000008003f90                PROVIDE (__preinit_array_start = .)
 *(.preinit_array*)
                0x0000000008003f90                PROVIDE (__preinit_array_end = .)
                0x0000000008003f90                . = ALIGN (0x4)

.init_array     0x0000000008003f90        0x8
                0x0000000008003f90                . = ALIGN (0x4)
                0x0000000008003f90                PROVIDE (__init_array_start = .)
 *(SORT_BY_NAME(.init_array.*))
 *(.init_array*)
 .init_array    0x0000000008003f90        0x4 /opt/st/stm32cubeide_1.12.1/plugins/com.st.stm32cube.ide.mcu.externaltools.gnu-tools-for-stm32.10.3-2021.10.linux64_1.0.200.202301161003/tools/bin/../lib/gcc/arm-none-eabi/10.3.1/thumb/v7e-m+fp/hard/crtbegin.o
 .init_array    0x0000000008003f94        0x4 ./App/loop.o
                0x0000000008003f98                PROVIDE (__init_array_end = .)
                0x0000000008003f98                . = ALIGN (0x4)

.fini_array     0x0000000008003f98        0x8
                0x0000000008003f98                . = ALIGN (0x4)
                [!provide]                        PROVIDE (__fini_array_start = .)
 *(SORT_BY_NAME(.fini_array.*))
 *(.fini_array*)
 .fini_array    0x0000000008003f98        0x4 /opt/st/stm32cubeide_1.12.1/plugins/com.st.stm32cube.ide.mcu.externaltools.gnu-tools-for-stm32.10.3-2021.10.linux64_1.0.200.202301161003/tools/bin/../lib/gcc/arm-none-eabi/10.3.1/thumb/v7e-m+fp/hard/crtbegin.o
 .fini_array    0x0000000008003f9c        0x4 ./App/loop.o
                [!provide]                        PROVIDE (__fini_array_end = .)
                0x0000000008003fa0                . = ALIGN (0x4)
                0x0000000008003fa0                _sidata = LOADADDR (.data)

.data           0x0000000020000000       0x70 load address 0x0000000008003fa0
                0x0000000020000000                . = ALIGN (0x4)
                0x0000000020000000                _sdata = .
 *(.data)
 *(.data*)
 .data.SystemCoreClock
                0x0000000020000000        0x4 ./Core/Src/system_stm32g4xx.o
                0x0000000020000000                SystemCoreClock
 .data.uwTickPrio
                0x0000000020000004        0x4 ./Drivers/STM32G4xx_HAL_Driver/Src/stm32g4xx_hal.o
                0x0000000020000004                uwTickPrio
 .data.uwTickFreq
                0x0000000020000008        0x4 ./Drivers/STM32G4xx_HAL_Driver/Src/stm32g4xx_hal.o
                0x0000000020000008                uwTickFreq
 .data._impure_ptr
                0x000000002000000c        0x4 /opt/st/stm32cubeide_1.12.1/plugins/com.st.stm32cube.ide.mcu.externaltools.gnu-tools-for-stm32.10.3-2021.10.linux64_1.0.200.202301161003/tools/bin/../lib/gcc/arm-none-eabi/10.3.1/../../../../arm-none-eabi/lib/thumb/v7e-m+fp/hard/libc_nano.a(lib_a-impure.o)
                0x000000002000000c                _impure_ptr
 .data.impure_data
                0x0000000020000010       0x60 /opt/st/stm32cubeide_1.12.1/plugins/com.st.stm32cube.ide.mcu.externaltools.gnu-tools-for-stm32.10.3-2021.10.linux64_1.0.200.202301161003/tools/bin/../lib/gcc/arm-none-eabi/10.3.1/../../../../arm-none-eabi/lib/thumb/v7e-m+fp/hard/libc_nano.a(lib_a-impure.o)
 *(.RamFunc)
 *(.RamFunc*)
                0x0000000020000070                . = ALIGN (0x4)
                0x0000000020000070                _edata = .

.igot.plt       0x0000000020000070        0x0 load address 0x0000000008004010
 .igot.plt      0x0000000020000070        0x0 /opt/st/stm32cubeide_1.12.1/plugins/com.st.stm32cube.ide.mcu.externaltools.gnu-tools-for-stm32.10.3-2021.10.linux64_1.0.200.202301161003/tools/bin/../lib/gcc/arm-none-eabi/10.3.1/thumb/v7e-m+fp/hard/crtbegin.o
                0x0000000020000070                . = ALIGN (0x4)

.bss            0x0000000020000070      0x134 load address 0x0000000008004010
                0x0000000020000070                _sbss = .
                0x0000000020000070                __bss_start__ = _sbss
 *(.bss)
 .bss           0x0000000020000070       0x1c /opt/st/stm32cubeide_1.12.1/plugins/com.st.stm32cube.ide.mcu.externaltools.gnu-tools-for-stm32.10.3-2021.10.linux64_1.0.200.202301161003/tools/bin/../lib/gcc/arm-none-eabi/10.3.1/thumb/v7e-m+fp/hard/crtbegin.o
 *(.bss*)
 .bss.control1  0x000000002000008c       0x4c ./App/loop.o
                0x000000002000008c                control1
 .bss.hspi1     0x00000000200000d8       0x64 ./Core/Src/spi.o
                0x00000000200000d8                hspi1
 .bss.__sbrk_heap_end
                0x000000002000013c        0x4 ./Core/Src/sysmem.o
 .bss.htim2     0x0000000020000140       0x4c ./Core/Src/tim.o
                0x0000000020000140                htim2
 .bss.uwTick    0x000000002000018c        0x4 ./Drivers/STM32G4xx_HAL_Driver/Src/stm32g4xx_hal.o
                0x000000002000018c                uwTick
 .bss._ZN12_GLOBAL__N_113__new_handlerE
                0x0000000020000190        0x4 /opt/st/stm32cubeide_1.12.1/plugins/com.st.stm32cube.ide.mcu.externaltools.gnu-tools-for-stm32.10.3-2021.10.linux64_1.0.200.202301161003/tools/bin/../lib/gcc/arm-none-eabi/10.3.1/../../../../arm-none-eabi/lib/thumb/v7e-m+fp/hard/libstdc++_nano.a(new_handler.o)
 .bss.__malloc_free_list
                0x0000000020000194        0x4 /opt/st/stm32cubeide_1.12.1/plugins/com.st.stm32cube.ide.mcu.externaltools.gnu-tools-for-stm32.10.3-2021.10.linux64_1.0.200.202301161003/tools/bin/../lib/gcc/arm-none-eabi/10.3.1/../../../../arm-none-eabi/lib/thumb/v7e-m+fp/hard/libc_nano.a(lib_a-nano-mallocr.o)
                0x0000000020000194                __malloc_free_list
 .bss.__malloc_sbrk_start
                0x0000000020000198        0x4 /opt/st/stm32cubeide_1.12.1/plugins/com.st.stm32cube.ide.mcu.externaltools.gnu-tools-for-stm32.10.3-2021.10.linux64_1.0.200.202301161003/tools/bin/../lib/gcc/arm-none-eabi/10.3.1/../../../../arm-none-eabi/lib/thumb/v7e-m+fp/hard/libc_nano.a(lib_a-nano-mallocr.o)
                0x0000000020000198                __malloc_sbrk_start
 .bss.__lock___malloc_recursive_mutex
                0x000000002000019c        0x1 /opt/st/stm32cubeide_1.12.1/plugins/com.st.stm32cube.ide.mcu.externaltools.gnu-tools-for-stm32.10.3-2021.10.linux64_1.0.200.202301161003/tools/bin/../lib/gcc/arm-none-eabi/10.3.1/../../../../arm-none-eabi/lib/thumb/v7e-m+fp/hard/libc_nano.a(lib_a-lock.o)
                0x000000002000019c                __lock___malloc_recursive_mutex
 *fill*         0x000000002000019d        0x3 
 .bss.errno     0x00000000200001a0        0x4 /opt/st/stm32cubeide_1.12.1/plugins/com.st.stm32cube.ide.mcu.externaltools.gnu-tools-for-stm32.10.3-2021.10.linux64_1.0.200.202301161003/tools/bin/../lib/gcc/arm-none-eabi/10.3.1/../../../../arm-none-eabi/lib/thumb/v7e-m+fp/hard/libc_nano.a(lib_a-reent.o)
                0x00000000200001a0                errno
 *(COMMON)
                0x00000000200001a4                . = ALIGN (0x4)
                0x00000000200001a4                _ebss = .
                0x00000000200001a4                __bss_end__ = _ebss

._user_heap_stack
                0x00000000200001a4      0x604 load address 0x0000000008004010
                0x00000000200001a8                . = ALIGN (0x8)
 *fill*         0x00000000200001a4        0x4 
                [!provide]                        PROVIDE (end = .)
                0x00000000200001a8                PROVIDE (_end = .)
                0x00000000200003a8                . = (. + _Min_Heap_Size)
 *fill*         0x00000000200001a8      0x200 
                0x00000000200007a8                . = (. + _Min_Stack_Size)
 *fill*         0x00000000200003a8      0x400 
                0x00000000200007a8                . = ALIGN (0x8)

/DISCARD/
 libc.a(*)
 libm.a(*)
 libgcc.a(*)

.ARM.attributes
                0x0000000000000000       0x30
 *(.ARM.attributes)
 .ARM.attributes
                0x0000000000000000       0x1e /opt/st/stm32cubeide_1.12.1/plugins/com.st.stm32cube.ide.mcu.externaltools.gnu-tools-for-stm32.10.3-2021.10.linux64_1.0.200.202301161003/tools/bin/../lib/gcc/arm-none-eabi/10.3.1/thumb/v7e-m+fp/hard/crti.o
 .ARM.attributes
                0x000000000000001e       0x34 /opt/st/stm32cubeide_1.12.1/plugins/com.st.stm32cube.ide.mcu.externaltools.gnu-tools-for-stm32.10.3-2021.10.linux64_1.0.200.202301161003/tools/bin/../lib/gcc/arm-none-eabi/10.3.1/thumb/v7e-m+fp/hard/crtbegin.o
 .ARM.attributes
                0x0000000000000052       0x34 ./App/Controller/Controller.o
 .ARM.attributes
                0x0000000000000086       0x34 ./App/MAX22200/MAX22200_driver.o
 .ARM.attributes
                0x00000000000000ba       0x34 ./App/Motor/Motor.o
 .ARM.attributes
                0x00000000000000ee       0x34 ./App/loop.o
 .ARM.attributes
                0x0000000000000122       0x34 ./Core/Src/gpio.o
 .ARM.attributes
                0x0000000000000156       0x34 ./Core/Src/main.o
 .ARM.attributes
                0x000000000000018a       0x34 ./Core/Src/spi.o
 .ARM.attributes
                0x00000000000001be       0x34 ./Core/Src/stm32g4xx_hal_msp.o
 .ARM.attributes
                0x00000000000001f2       0x34 ./Core/Src/stm32g4xx_it.o
 .ARM.attributes
                0x0000000000000226       0x34 ./Core/Src/syscalls.o
 .ARM.attributes
                0x000000000000025a       0x34 ./Core/Src/sysmem.o
 .ARM.attributes
                0x000000000000028e       0x34 ./Core/Src/system_stm32g4xx.o
 .ARM.attributes
                0x00000000000002c2       0x34 ./Core/Src/tim.o
 .ARM.attributes
                0x00000000000002f6       0x21 ./Core/Startup/startup_stm32g431kbtx.o
 .ARM.attributes
                0x0000000000000317       0x34 ./Drivers/STM32G4xx_HAL_Driver/Src/stm32g4xx_hal.o
 .ARM.attributes
                0x000000000000034b       0x34 ./Drivers/STM32G4xx_HAL_Driver/Src/stm32g4xx_hal_cortex.o
 .ARM.attributes
                0x000000000000037f       0x34 ./Drivers/STM32G4xx_HAL_Driver/Src/stm32g4xx_hal_gpio.o
 .ARM.attributes
                0x00000000000003b3       0x34 ./Drivers/STM32G4xx_HAL_Driver/Src/stm32g4xx_hal_pwr_ex.o
 .ARM.attributes
                0x00000000000003e7       0x34 ./Drivers/STM32G4xx_HAL_Driver/Src/stm32g4xx_hal_rcc.o
 .ARM.attributes
                0x000000000000041b       0x34 ./Drivers/STM32G4xx_HAL_Driver/Src/stm32g4xx_hal_spi.o
 .ARM.attributes
                0x000000000000044f       0x34 ./Drivers/STM32G4xx_HAL_Driver/Src/stm32g4xx_hal_tim.o
 .ARM.attributes
                0x0000000000000483       0x34 ./Drivers/STM32G4xx_HAL_Driver/Src/stm32g4xx_hal_tim_ex.o
 .ARM.attributes
                0x00000000000004b7       0x34 /opt/st/stm32cubeide_1.12.1/plugins/com.st.stm32cube.ide.mcu.externaltools.gnu-tools-for-stm32.10.3-2021.10.linux64_1.0.200.202301161003/tools/bin/../lib/gcc/arm-none-eabi/10.3.1/../../../../arm-none-eabi/lib/thumb/v7e-m+fp/hard/libstdc++_nano.a(del_ops.o)
 .ARM.attributes
                0x00000000000004eb       0x34 /opt/st/stm32cubeide_1.12.1/plugins/com.st.stm32cube.ide.mcu.externaltools.gnu-tools-for-stm32.10.3-2021.10.linux64_1.0.200.202301161003/tools/bin/../lib/gcc/arm-none-eabi/10.3.1/../../../../arm-none-eabi/lib/thumb/v7e-m+fp/hard/libstdc++_nano.a(new_op.o)
 .ARM.attributes
                0x000000000000051f       0x34 /opt/st/stm32cubeide_1.12.1/plugins/com.st.stm32cube.ide.mcu.externaltools.gnu-tools-for-stm32.10.3-2021.10.linux64_1.0.200.202301161003/tools/bin/../lib/gcc/arm-none-eabi/10.3.1/../../../../arm-none-eabi/lib/thumb/v7e-m+fp/hard/libstdc++_nano.a(functexcept.o)
 .ARM.attributes
                0x0000000000000553       0x34 /opt/st/stm32cubeide_1.12.1/plugins/com.st.stm32cube.ide.mcu.externaltools.gnu-tools-for-stm32.10.3-2021.10.linux64_1.0.200.202301161003/tools/bin/../lib/gcc/arm-none-eabi/10.3.1/../../../../arm-none-eabi/lib/thumb/v7e-m+fp/hard/libstdc++_nano.a(del_op.o)
 .ARM.attributes
                0x0000000000000587       0x34 /opt/st/stm32cubeide_1.12.1/plugins/com.st.stm32cube.ide.mcu.externaltools.gnu-tools-for-stm32.10.3-2021.10.linux64_1.0.200.202301161003/tools/bin/../lib/gcc/arm-none-eabi/10.3.1/../../../../arm-none-eabi/lib/thumb/v7e-m+fp/hard/libstdc++_nano.a(new_handler.o)
 .ARM.attributes
                0x00000000000005bb       0x34 /opt/st/stm32cubeide_1.12.1/plugins/com.st.stm32cube.ide.mcu.externaltools.gnu-tools-for-stm32.10.3-2021.10.linux64_1.0.200.202301161003/tools/bin/../lib/gcc/arm-none-eabi/10.3.1/../../../../arm-none-eabi/lib/thumb/v7e-m+fp/hard/libc_nano.a(lib_a-abort.o)
 .ARM.attributes
                0x00000000000005ef       0x34 /opt/st/stm32cubeide_1.12.1/plugins/com.st.stm32cube.ide.mcu.externaltools.gnu-tools-for-stm32.10.3-2021.10.linux64_1.0.200.202301161003/tools/bin/../lib/gcc/arm-none-eabi/10.3.1/../../../../arm-none-eabi/lib/thumb/v7e-m+fp/hard/libc_nano.a(lib_a-errno.o)
 .ARM.attributes
                0x0000000000000623       0x34 /opt/st/stm32cubeide_1.12.1/plugins/com.st.stm32cube.ide.mcu.externaltools.gnu-tools-for-stm32.10.3-2021.10.linux64_1.0.200.202301161003/tools/bin/../lib/gcc/arm-none-eabi/10.3.1/../../../../arm-none-eabi/lib/thumb/v7e-m+fp/hard/libc_nano.a(lib_a-impure.o)
 .ARM.attributes
                0x0000000000000657       0x34 /opt/st/stm32cubeide_1.12.1/plugins/com.st.stm32cube.ide.mcu.externaltools.gnu-tools-for-stm32.10.3-2021.10.linux64_1.0.200.202301161003/tools/bin/../lib/gcc/arm-none-eabi/10.3.1/../../../../arm-none-eabi/lib/thumb/v7e-m+fp/hard/libc_nano.a(lib_a-init.o)
 .ARM.attributes
                0x000000000000068b       0x34 /opt/st/stm32cubeide_1.12.1/plugins/com.st.stm32cube.ide.mcu.externaltools.gnu-tools-for-stm32.10.3-2021.10.linux64_1.0.200.202301161003/tools/bin/../lib/gcc/arm-none-eabi/10.3.1/../../../../arm-none-eabi/lib/thumb/v7e-m+fp/hard/libc_nano.a(lib_a-malloc.o)
 .ARM.attributes
                0x00000000000006bf       0x34 /opt/st/stm32cubeide_1.12.1/plugins/com.st.stm32cube.ide.mcu.externaltools.gnu-tools-for-stm32.10.3-2021.10.linux64_1.0.200.202301161003/tools/bin/../lib/gcc/arm-none-eabi/10.3.1/../../../../arm-none-eabi/lib/thumb/v7e-m+fp/hard/libc_nano.a(lib_a-memcpy-stub.o)
 .ARM.attributes
                0x00000000000006f3       0x34 /opt/st/stm32cubeide_1.12.1/plugins/com.st.stm32cube.ide.mcu.externaltools.gnu-tools-for-stm32.10.3-2021.10.linux64_1.0.200.202301161003/tools/bin/../lib/gcc/arm-none-eabi/10.3.1/../../../../arm-none-eabi/lib/thumb/v7e-m+fp/hard/libc_nano.a(lib_a-memset.o)
 .ARM.attributes
                0x0000000000000727       0x34 /opt/st/stm32cubeide_1.12.1/plugins/com.st.stm32cube.ide.mcu.externaltools.gnu-tools-for-stm32.10.3-2021.10.linux64_1.0.200.202301161003/tools/bin/../lib/gcc/arm-none-eabi/10.3.1/../../../../arm-none-eabi/lib/thumb/v7e-m+fp/hard/libc_nano.a(lib_a-nano-freer.o)
 .ARM.attributes
                0x000000000000075b       0x34 /opt/st/stm32cubeide_1.12.1/plugins/com.st.stm32cube.ide.mcu.externaltools.gnu-tools-for-stm32.10.3-2021.10.linux64_1.0.200.202301161003/tools/bin/../lib/gcc/arm-none-eabi/10.3.1/../../../../arm-none-eabi/lib/thumb/v7e-m+fp/hard/libc_nano.a(lib_a-nano-mallocr.o)
 .ARM.attributes
                0x000000000000078f       0x34 /opt/st/stm32cubeide_1.12.1/plugins/com.st.stm32cube.ide.mcu.externaltools.gnu-tools-for-stm32.10.3-2021.10.linux64_1.0.200.202301161003/tools/bin/../lib/gcc/arm-none-eabi/10.3.1/../../../../arm-none-eabi/lib/thumb/v7e-m+fp/hard/libc_nano.a(lib_a-sbrkr.o)
 .ARM.attributes
                0x00000000000007c3       0x34 /opt/st/stm32cubeide_1.12.1/plugins/com.st.stm32cube.ide.mcu.externaltools.gnu-tools-for-stm32.10.3-2021.10.linux64_1.0.200.202301161003/tools/bin/../lib/gcc/arm-none-eabi/10.3.1/../../../../arm-none-eabi/lib/thumb/v7e-m+fp/hard/libc_nano.a(lib_a-signal.o)
 .ARM.attributes
                0x00000000000007f7       0x34 /opt/st/stm32cubeide_1.12.1/plugins/com.st.stm32cube.ide.mcu.externaltools.gnu-tools-for-stm32.10.3-2021.10.linux64_1.0.200.202301161003/tools/bin/../lib/gcc/arm-none-eabi/10.3.1/../../../../arm-none-eabi/lib/thumb/v7e-m+fp/hard/libc_nano.a(lib_a-signalr.o)
 .ARM.attributes
                0x000000000000082b       0x34 /opt/st/stm32cubeide_1.12.1/plugins/com.st.stm32cube.ide.mcu.externaltools.gnu-tools-for-stm32.10.3-2021.10.linux64_1.0.200.202301161003/tools/bin/../lib/gcc/arm-none-eabi/10.3.1/../../../../arm-none-eabi/lib/thumb/v7e-m+fp/hard/libc_nano.a(lib_a-findfp.o)
 .ARM.attributes
                0x000000000000085f       0x34 /opt/st/stm32cubeide_1.12.1/plugins/com.st.stm32cube.ide.mcu.externaltools.gnu-tools-for-stm32.10.3-2021.10.linux64_1.0.200.202301161003/tools/bin/../lib/gcc/arm-none-eabi/10.3.1/../../../../arm-none-eabi/lib/thumb/v7e-m+fp/hard/libc_nano.a(lib_a-lock.o)
 .ARM.attributes
                0x0000000000000893       0x34 /opt/st/stm32cubeide_1.12.1/plugins/com.st.stm32cube.ide.mcu.externaltools.gnu-tools-for-stm32.10.3-2021.10.linux64_1.0.200.202301161003/tools/bin/../lib/gcc/arm-none-eabi/10.3.1/../../../../arm-none-eabi/lib/thumb/v7e-m+fp/hard/libc_nano.a(lib_a-mlock.o)
 .ARM.attributes
                0x00000000000008c7       0x34 /opt/st/stm32cubeide_1.12.1/plugins/com.st.stm32cube.ide.mcu.externaltools.gnu-tools-for-stm32.10.3-2021.10.linux64_1.0.200.202301161003/tools/bin/../lib/gcc/arm-none-eabi/10.3.1/../../../../arm-none-eabi/lib/thumb/v7e-m+fp/hard/libc_nano.a(lib_a-reent.o)
 .ARM.attributes
                0x00000000000008fb       0x1e /opt/st/stm32cubeide_1.12.1/plugins/com.st.stm32cube.ide.mcu.externaltools.gnu-tools-for-stm32.10.3-2021.10.linux64_1.0.200.202301161003/tools/bin/../lib/gcc/arm-none-eabi/10.3.1/thumb/v7e-m+fp/hard/crtn.o
OUTPUT(Test_MAX22200.elf elf32-littlearm)
LOAD linker stubs
LOAD /opt/st/stm32cubeide_1.12.1/plugins/com.st.stm32cube.ide.mcu.externaltools.gnu-tools-for-stm32.10.3-2021.10.linux64_1.0.200.202301161003/tools/bin/../lib/gcc/arm-none-eabi/10.3.1/../../../../arm-none-eabi/lib/thumb/v7e-m+fp/hard/libc.a
LOAD /opt/st/stm32cubeide_1.12.1/plugins/com.st.stm32cube.ide.mcu.externaltools.gnu-tools-for-stm32.10.3-2021.10.linux64_1.0.200.202301161003/tools/bin/../lib/gcc/arm-none-eabi/10.3.1/../../../../arm-none-eabi/lib/thumb/v7e-m+fp/hard/libm.a
LOAD /opt/st/stm32cubeide_1.12.1/plugins/com.st.stm32cube.ide.mcu.externaltools.gnu-tools-for-stm32.10.3-2021.10.linux64_1.0.200.202301161003/tools/bin/../lib/gcc/arm-none-eabi/10.3.1/thumb/v7e-m+fp/hard/libgcc.a

.debug_info     0x0000000000000000    0x23ad2
 .debug_info    0x0000000000000000     0x8977 ./App/Controller/Controller.o
 .debug_info    0x0000000000008977     0x147d ./App/MAX22200/MAX22200_driver.o
 .debug_info    0x0000000000009df4     0x55d9 ./App/Motor/Motor.o
 .debug_info    0x000000000000f3cd     0x7856 ./App/loop.o
 .debug_info    0x0000000000016c23      0x4c3 ./Core/Src/gpio.o
 .debug_info    0x00000000000170e6      0x345 ./Core/Src/main.o
 .debug_info    0x000000000001742b      0xb7d ./Core/Src/spi.o
 .debug_info    0x0000000000017fa8      0x324 ./Core/Src/stm32g4xx_hal_msp.o
 .debug_info    0x00000000000182cc      0x122 ./Core/Src/stm32g4xx_it.o
 .debug_info    0x00000000000183ee      0x6e0 ./Core/Src/syscalls.o
 .debug_info    0x0000000000018ace      0x171 ./Core/Src/sysmem.o
 .debug_info    0x0000000000018c3f      0x59f ./Core/Src/system_stm32g4xx.o
 .debug_info    0x00000000000191de      0xc01 ./Core/Src/tim.o
 .debug_info    0x0000000000019ddf       0x22 ./Core/Startup/startup_stm32g431kbtx.o
 .debug_info    0x0000000000019e01      0xae3 ./Drivers/STM32G4xx_HAL_Driver/Src/stm32g4xx_hal.o
 .debug_info    0x000000000001a8e4      0xdc4 ./Drivers/STM32G4xx_HAL_Driver/Src/stm32g4xx_hal_cortex.o
 .debug_info    0x000000000001b6a8      0x82f ./Drivers/STM32G4xx_HAL_Driver/Src/stm32g4xx_hal_gpio.o
 .debug_info    0x000000000001bed7      0x983 ./Drivers/STM32G4xx_HAL_Driver/Src/stm32g4xx_hal_pwr_ex.o
 .debug_info    0x000000000001c85a      0xc53 ./Drivers/STM32G4xx_HAL_Driver/Src/stm32g4xx_hal_rcc.o
 .debug_info    0x000000000001d4ad     0x18b8 ./Drivers/STM32G4xx_HAL_Driver/Src/stm32g4xx_hal_spi.o
 .debug_info    0x000000000001ed65     0x2e83 ./Drivers/STM32G4xx_HAL_Driver/Src/stm32g4xx_hal_tim.o
 .debug_info    0x0000000000021be8     0x1eea ./Drivers/STM32G4xx_HAL_Driver/Src/stm32g4xx_hal_tim_ex.o

.debug_abbrev   0x0000000000000000     0x3ef7
 .debug_abbrev  0x0000000000000000      0xa45 ./App/Controller/Controller.o
 .debug_abbrev  0x0000000000000a45      0x351 ./App/MAX22200/MAX22200_driver.o
 .debug_abbrev  0x0000000000000d96      0x824 ./App/Motor/Motor.o
 .debug_abbrev  0x00000000000015ba      0xa2a ./App/loop.o
 .debug_abbrev  0x0000000000001fe4      0x146 ./Core/Src/gpio.o
 .debug_abbrev  0x000000000000212a      0x18a ./Core/Src/main.o
 .debug_abbrev  0x00000000000022b4      0x1e0 ./Core/Src/spi.o
 .debug_abbrev  0x0000000000002494       0xc2 ./Core/Src/stm32g4xx_hal_msp.o
 .debug_abbrev  0x0000000000002556       0x74 ./Core/Src/stm32g4xx_it.o
 .debug_abbrev  0x00000000000025ca      0x1b3 ./Core/Src/syscalls.o
 .debug_abbrev  0x000000000000277d       0xbb ./Core/Src/sysmem.o
 .debug_abbrev  0x0000000000002838      0x116 ./Core/Src/system_stm32g4xx.o
 .debug_abbrev  0x000000000000294e      0x1f3 ./Core/Src/tim.o
 .debug_abbrev  0x0000000000002b41       0x12 ./Core/Startup/startup_stm32g431kbtx.o
 .debug_abbrev  0x0000000000002b53      0x269 ./Drivers/STM32G4xx_HAL_Driver/Src/stm32g4xx_hal.o
 .debug_abbrev  0x0000000000002dbc      0x30d ./Drivers/STM32G4xx_HAL_Driver/Src/stm32g4xx_hal_cortex.o
 .debug_abbrev  0x00000000000030c9      0x1bb ./Drivers/STM32G4xx_HAL_Driver/Src/stm32g4xx_hal_gpio.o
 .debug_abbrev  0x0000000000003284      0x229 ./Drivers/STM32G4xx_HAL_Driver/Src/stm32g4xx_hal_pwr_ex.o
 .debug_abbrev  0x00000000000034ad      0x2bd ./Drivers/STM32G4xx_HAL_Driver/Src/stm32g4xx_hal_rcc.o
 .debug_abbrev  0x000000000000376a      0x254 ./Drivers/STM32G4xx_HAL_Driver/Src/stm32g4xx_hal_spi.o
 .debug_abbrev  0x00000000000039be      0x28e ./Drivers/STM32G4xx_HAL_Driver/Src/stm32g4xx_hal_tim.o
 .debug_abbrev  0x0000000000003c4c      0x2ab ./Drivers/STM32G4xx_HAL_Driver/Src/stm32g4xx_hal_tim_ex.o

.debug_aranges  0x0000000000000000     0x1290
 .debug_aranges
                0x0000000000000000      0x260 ./App/Controller/Controller.o
 .debug_aranges
                0x0000000000000260       0x60 ./App/MAX22200/MAX22200_driver.o
 .debug_aranges
                0x00000000000002c0       0x60 ./App/Motor/Motor.o
 .debug_aranges
                0x0000000000000320       0xb8 ./App/loop.o
 .debug_aranges
                0x00000000000003d8       0x20 ./Core/Src/gpio.o
 .debug_aranges
                0x00000000000003f8       0x30 ./Core/Src/main.o
 .debug_aranges
                0x0000000000000428       0x30 ./Core/Src/spi.o
 .debug_aranges
                0x0000000000000458       0x20 ./Core/Src/stm32g4xx_hal_msp.o
 .debug_aranges
                0x0000000000000478       0x60 ./Core/Src/stm32g4xx_it.o
 .debug_aranges
                0x00000000000004d8       0xa8 ./Core/Src/syscalls.o
 .debug_aranges
                0x0000000000000580       0x20 ./Core/Src/sysmem.o
 .debug_aranges
                0x00000000000005a0       0x28 ./Core/Src/system_stm32g4xx.o
 .debug_aranges
                0x00000000000005c8       0x30 ./Core/Src/tim.o
 .debug_aranges
                0x00000000000005f8       0x28 ./Core/Startup/startup_stm32g431kbtx.o
 .debug_aranges
                0x0000000000000620      0x130 ./Drivers/STM32G4xx_HAL_Driver/Src/stm32g4xx_hal.o
 .debug_aranges
                0x0000000000000750      0x118 ./Drivers/STM32G4xx_HAL_Driver/Src/stm32g4xx_hal_cortex.o
 .debug_aranges
                0x0000000000000868       0x58 ./Drivers/STM32G4xx_HAL_Driver/Src/stm32g4xx_hal_gpio.o
 .debug_aranges
                0x00000000000008c0      0x140 ./Drivers/STM32G4xx_HAL_Driver/Src/stm32g4xx_hal_pwr_ex.o
 .debug_aranges
                0x0000000000000a00       0x98 ./Drivers/STM32G4xx_HAL_Driver/Src/stm32g4xx_hal_rcc.o
 .debug_aranges
                0x0000000000000a98      0x1d8 ./Drivers/STM32G4xx_HAL_Driver/Src/stm32g4xx_hal_spi.o
 .debug_aranges
                0x0000000000000c70      0x3e0 ./Drivers/STM32G4xx_HAL_Driver/Src/stm32g4xx_hal_tim.o
 .debug_aranges
                0x0000000000001050      0x240 ./Drivers/STM32G4xx_HAL_Driver/Src/stm32g4xx_hal_tim_ex.o

.debug_ranges   0x0000000000000000     0x1138
 .debug_ranges  0x0000000000000000      0x250 ./App/Controller/Controller.o
 .debug_ranges  0x0000000000000250       0x50 ./App/MAX22200/MAX22200_driver.o
 .debug_ranges  0x00000000000002a0       0x50 ./App/Motor/Motor.o
 .debug_ranges  0x00000000000002f0       0xa8 ./App/loop.o
 .debug_ranges  0x0000000000000398       0x10 ./Core/Src/gpio.o
 .debug_ranges  0x00000000000003a8       0x20 ./Core/Src/main.o
 .debug_ranges  0x00000000000003c8       0x20 ./Core/Src/spi.o
 .debug_ranges  0x00000000000003e8       0x10 ./Core/Src/stm32g4xx_hal_msp.o
 .debug_ranges  0x00000000000003f8       0x50 ./Core/Src/stm32g4xx_it.o
 .debug_ranges  0x0000000000000448       0x98 ./Core/Src/syscalls.o
 .debug_ranges  0x00000000000004e0       0x10 ./Core/Src/sysmem.o
 .debug_ranges  0x00000000000004f0       0x18 ./Core/Src/system_stm32g4xx.o
 .debug_ranges  0x0000000000000508       0x20 ./Core/Src/tim.o
 .debug_ranges  0x0000000000000528       0x20 ./Core/Startup/startup_stm32g431kbtx.o
 .debug_ranges  0x0000000000000548      0x120 ./Drivers/STM32G4xx_HAL_Driver/Src/stm32g4xx_hal.o
 .debug_ranges  0x0000000000000668      0x108 ./Drivers/STM32G4xx_HAL_Driver/Src/stm32g4xx_hal_cortex.o
 .debug_ranges  0x0000000000000770       0x48 ./Drivers/STM32G4xx_HAL_Driver/Src/stm32g4xx_hal_gpio.o
 .debug_ranges  0x00000000000007b8      0x130 ./Drivers/STM32G4xx_HAL_Driver/Src/stm32g4xx_hal_pwr_ex.o
 .debug_ranges  0x00000000000008e8       0x88 ./Drivers/STM32G4xx_HAL_Driver/Src/stm32g4xx_hal_rcc.o
 .debug_ranges  0x0000000000000970      0x1c8 ./Drivers/STM32G4xx_HAL_Driver/Src/stm32g4xx_hal_spi.o
 .debug_ranges  0x0000000000000b38      0x3d0 ./Drivers/STM32G4xx_HAL_Driver/Src/stm32g4xx_hal_tim.o
 .debug_ranges  0x0000000000000f08      0x230 ./Drivers/STM32G4xx_HAL_Driver/Src/stm32g4xx_hal_tim_ex.o

.debug_macro    0x0000000000000000    0x2441f
 .debug_macro   0x0000000000000000      0x961 ./App/Controller/Controller.o
 .debug_macro   0x0000000000000961      0xb50 ./App/Controller/Controller.o
 .debug_macro   0x00000000000014b1       0x28 ./App/Controller/Controller.o
 .debug_macro   0x00000000000014d9      0x18a ./App/Controller/Controller.o
 .debug_macro   0x0000000000001663       0x10 ./App/Controller/Controller.o
 .debug_macro   0x0000000000001673      0x3d1 ./App/Controller/Controller.o
 .debug_macro   0x0000000000001a44      0x17b ./App/Controller/Controller.o
 .debug_macro   0x0000000000001bbf       0x41 ./App/Controller/Controller.o
 .debug_macro   0x0000000000001c00       0x12 ./App/Controller/Controller.o
 .debug_macro   0x0000000000001c12       0x1c ./App/Controller/Controller.o
 .debug_macro   0x0000000000001c2e       0x10 ./App/Controller/Controller.o
 .debug_macro   0x0000000000001c3e       0x27 ./App/Controller/Controller.o
 .debug_macro   0x0000000000001c65       0x18 ./App/Controller/Controller.o
 .debug_macro   0x0000000000001c7d       0x4f ./App/Controller/Controller.o
 .debug_macro   0x0000000000001ccc       0x28 ./App/Controller/Controller.o
 .debug_macro   0x0000000000001cf4       0x2e ./App/Controller/Controller.o
 .debug_macro   0x0000000000001d22       0x19 ./App/Controller/Controller.o
 .debug_macro   0x0000000000001d3b       0x88 ./App/Controller/Controller.o
 .debug_macro   0x0000000000001dc3       0x19 ./App/Controller/Controller.o
 .debug_macro   0x0000000000001ddc       0x17 ./App/Controller/Controller.o
 .debug_macro   0x0000000000001df3       0x22 ./App/Controller/Controller.o
 .debug_macro   0x0000000000001e15       0x20 ./App/Controller/Controller.o
 .debug_macro   0x0000000000001e35       0x22 ./App/Controller/Controller.o
 .debug_macro   0x0000000000001e57       0x4c ./App/Controller/Controller.o
 .debug_macro   0x0000000000001ea3       0x1e ./App/Controller/Controller.o
 .debug_macro   0x0000000000001ec1       0x94 ./App/Controller/Controller.o
 .debug_macro   0x0000000000001f55       0x3c ./App/Controller/Controller.o
 .debug_macro   0x0000000000001f91       0x34 ./App/Controller/Controller.o
 .debug_macro   0x0000000000001fc5       0x16 ./App/Controller/Controller.o
 .debug_macro   0x0000000000001fdb       0x43 ./App/Controller/Controller.o
 .debug_macro   0x000000000000201e       0x57 ./App/Controller/Controller.o
 .debug_macro   0x0000000000002075       0x34 ./App/Controller/Controller.o
 .debug_macro   0x00000000000020a9       0x10 ./App/Controller/Controller.o
 .debug_macro   0x00000000000020b9       0x58 ./App/Controller/Controller.o
 .debug_macro   0x0000000000002111       0x71 ./App/Controller/Controller.o
 .debug_macro   0x0000000000002182       0x16 ./App/Controller/Controller.o
 .debug_macro   0x0000000000002198      0x12a ./App/Controller/Controller.o
 .debug_macro   0x00000000000022c2       0x1c ./App/Controller/Controller.o
 .debug_macro   0x00000000000022de       0x3c ./App/Controller/Controller.o
 .debug_macro   0x000000000000231a      0x364 ./App/Controller/Controller.o
 .debug_macro   0x000000000000267e       0x10 ./App/Controller/Controller.o
 .debug_macro   0x000000000000268e       0x1c ./App/Controller/Controller.o
 .debug_macro   0x00000000000026aa       0x33 ./App/Controller/Controller.o
 .debug_macro   0x00000000000026dd      0x173 ./App/Controller/Controller.o
 .debug_macro   0x0000000000002850       0x1c ./App/Controller/Controller.o
 .debug_macro   0x000000000000286c      0x103 ./App/Controller/Controller.o
 .debug_macro   0x000000000000296f       0x6a ./App/Controller/Controller.o
 .debug_macro   0x00000000000029d9      0x1d1 ./App/Controller/Controller.o
 .debug_macro   0x0000000000002baa       0x11 ./App/Controller/Controller.o
 .debug_macro   0x0000000000002bbb       0x10 ./App/Controller/Controller.o
 .debug_macro   0x0000000000002bcb       0x35 ./App/Controller/Controller.o
 .debug_macro   0x0000000000002c00       0x5e ./App/Controller/Controller.o
 .debug_macro   0x0000000000002c5e       0x16 ./App/Controller/Controller.o
 .debug_macro   0x0000000000002c74       0x52 ./App/Controller/Controller.o
 .debug_macro   0x0000000000002cc6       0x5e ./App/Controller/Controller.o
 .debug_macro   0x0000000000002d24       0x11 ./App/Controller/Controller.o
 .debug_macro   0x0000000000002d35       0x2f ./App/Controller/Controller.o
 .debug_macro   0x0000000000002d64       0x16 ./App/Controller/Controller.o
 .debug_macro   0x0000000000002d7a       0x10 ./App/Controller/Controller.o
 .debug_macro   0x0000000000002d8a       0x16 ./App/Controller/Controller.o
 .debug_macro   0x0000000000002da0       0x16 ./App/Controller/Controller.o
 .debug_macro   0x0000000000002db6       0x29 ./App/Controller/Controller.o
 .debug_macro   0x0000000000002ddf       0x1c ./App/Controller/Controller.o
 .debug_macro   0x0000000000002dfb       0xde ./App/Controller/Controller.o
 .debug_macro   0x0000000000002ed9       0x1c ./App/Controller/Controller.o
 .debug_macro   0x0000000000002ef5       0x10 ./App/Controller/Controller.o
 .debug_macro   0x0000000000002f05       0x1c ./App/Controller/Controller.o
 .debug_macro   0x0000000000002f21       0x52 ./App/Controller/Controller.o
 .debug_macro   0x0000000000002f73       0x22 ./App/Controller/Controller.o
 .debug_macro   0x0000000000002f95       0x10 ./App/Controller/Controller.o
 .debug_macro   0x0000000000002fa5       0x52 ./App/Controller/Controller.o
 .debug_macro   0x0000000000002ff7       0xd5 ./App/Controller/Controller.o
 .debug_macro   0x00000000000030cc       0x1c ./App/Controller/Controller.o
 .debug_macro   0x00000000000030e8       0x3d ./App/Controller/Controller.o
 .debug_macro   0x0000000000003125       0x16 ./App/Controller/Controller.o
 .debug_macro   0x000000000000313b      0x130 ./App/Controller/Controller.o
 .debug_macro   0x000000000000326b      0x11d ./App/Controller/Controller.o
 .debug_macro   0x0000000000003388       0x10 ./App/Controller/Controller.o
 .debug_macro   0x0000000000003398      0x241 ./App/Controller/Controller.o
 .debug_macro   0x00000000000035d9       0x11 ./App/Controller/Controller.o
 .debug_macro   0x00000000000035ea       0x46 ./App/Controller/Controller.o
 .debug_macro   0x0000000000003630       0x19 ./App/Controller/Controller.o
 .debug_macro   0x0000000000003649      0x120 ./App/Controller/Controller.o
 .debug_macro   0x0000000000003769       0x2d ./App/Controller/Controller.o
 .debug_macro   0x0000000000003796       0x26 ./App/Controller/Controller.o
 .debug_macro   0x00000000000037bc       0x16 ./App/Controller/Controller.o
 .debug_macro   0x00000000000037d2       0x20 ./App/Controller/Controller.o
 .debug_macro   0x00000000000037f2       0x16 ./App/Controller/Controller.o
 .debug_macro   0x0000000000003808       0x4c ./App/Controller/Controller.o
 .debug_macro   0x0000000000003854       0x28 ./App/Controller/Controller.o
 .debug_macro   0x000000000000387c      0x15b ./App/Controller/Controller.o
 .debug_macro   0x00000000000039d7       0x2e ./App/Controller/Controller.o
 .debug_macro   0x0000000000003a05       0x28 ./App/Controller/Controller.o
 .debug_macro   0x0000000000003a2d       0x1c ./App/Controller/Controller.o
 .debug_macro   0x0000000000003a49       0x22 ./App/Controller/Controller.o
 .debug_macro   0x0000000000003a6b       0xfb ./App/Controller/Controller.o
 .debug_macro   0x0000000000003b66     0x1011 ./App/Controller/Controller.o
 .debug_macro   0x0000000000004b77      0x11f ./App/Controller/Controller.o
 .debug_macro   0x0000000000004c96    0x11396 ./App/Controller/Controller.o
 .debug_macro   0x000000000001602c       0x6d ./App/Controller/Controller.o
 .debug_macro   0x0000000000016099     0x3554 ./App/Controller/Controller.o
 .debug_macro   0x00000000000195ed       0x56 ./App/Controller/Controller.o
 .debug_macro   0x0000000000019643     0x141d ./App/Controller/Controller.o
 .debug_macro   0x000000000001aa60      0x535 ./App/Controller/Controller.o
 .debug_macro   0x000000000001af95      0x1b6 ./App/Controller/Controller.o
 .debug_macro   0x000000000001b14b      0x288 ./App/Controller/Controller.o
 .debug_macro   0x000000000001b3d3      0x41d ./App/Controller/Controller.o
 .debug_macro   0x000000000001b7f0      0x18b ./App/Controller/Controller.o
 .debug_macro   0x000000000001b97b       0x43 ./App/Controller/Controller.o
 .debug_macro   0x000000000001b9be      0x23d ./App/Controller/Controller.o
 .debug_macro   0x000000000001bbfb      0x211 ./App/Controller/Controller.o
 .debug_macro   0x000000000001be0c      0x401 ./App/Controller/Controller.o
 .debug_macro   0x000000000001c20d      0x107 ./App/Controller/Controller.o
 .debug_macro   0x000000000001c314      0x122 ./App/Controller/Controller.o
 .debug_macro   0x000000000001c436      0x3d1 ./App/Controller/Controller.o
 .debug_macro   0x000000000001c807      0x2fe ./App/Controller/Controller.o
 .debug_macro   0x000000000001cb05      0xbbe ./App/Controller/Controller.o
 .debug_macro   0x000000000001d6c3      0x47e ./App/Controller/Controller.o
 .debug_macro   0x000000000001db41      0x306 ./App/Controller/Controller.o
 .debug_macro   0x000000000001de47       0x40 ./App/Controller/Controller.o
 .debug_macro   0x000000000001de87       0x8e ./App/Controller/Controller.o
 .debug_macro   0x000000000001df15       0xd1 ./App/Controller/Controller.o
 .debug_macro   0x000000000001dfe6      0x3c9 ./App/MAX22200/MAX22200_driver.o
 .debug_macro   0x000000000001e3af       0x16 ./App/MAX22200/MAX22200_driver.o
 .debug_macro   0x000000000001e3c5       0x97 ./App/MAX22200/MAX22200_driver.o
 .debug_macro   0x000000000001e45c      0x104 ./App/MAX22200/MAX22200_driver.o
 .debug_macro   0x000000000001e560      0x137 ./App/MAX22200/MAX22200_driver.o
 .debug_macro   0x000000000001e697      0x1df ./App/MAX22200/MAX22200_driver.o
 .debug_macro   0x000000000001e876      0x951 ./App/Motor/Motor.o
 .debug_macro   0x000000000001f1c7      0x966 ./App/loop.o
 .debug_macro   0x000000000001fb2d      0x1f2 ./Core/Src/gpio.o
 .debug_macro   0x000000000001fd1f      0xa78 ./Core/Src/gpio.o
 .debug_macro   0x0000000000020797       0x8e ./Core/Src/gpio.o
 .debug_macro   0x0000000000020825       0x51 ./Core/Src/gpio.o